AUDIT_CHOICE temporary-work-main-applicant-details-birth_day :: Select:birth_day
AUDIT_CHOICE temporary-work-main-applicant-details-birth_year :: Select:birth_year
AUDIT_CHOICE temporary-work-main-applicant-details-marital_status_date_day :: Select:marital_status_date_day
AUDIT_CHOICE temporary-work-main-applicant-details-marital_status_date_year :: Select:marital_status_date_year
AUDIT_CHOICE temporary-work-main-applicant-details-citizenships-date_obtained_day :: Select:date_obtained_day | Select:date_obtained_month | Select:date_obtained_year
AUDIT_CHOICE temporary-work-main-applicant-details-citizenships-date_obtained_year :: Select:date_obtained_day | Select:date_obtained_month | Select:date_obtained_year
AUDIT_CHOICE temporary-work-main-applicant-details-citizenships-date_ceased_day :: Select:date_ceased_day | Select:date_ceased_month | Select:date_ceased_year
AUDIT_CHOICE temporary-work-main-applicant-details-citizenships-date_ceased_year :: Select:date_ceased_day | Select:date_ceased_month | Select:date_ceased_year
AUDIT_CHOICE temporary-work-main-applicant-other-other_names-document_issue_day :: Select:document_issue_day | Select:document_issue_month | Select:document_issue_year
AUDIT_CHOICE temporary-work-main-applicant-other-other_names-document_issue_year :: Select:document_issue_day | Select:document_issue_month | Select:document_issue_year
AUDIT_CHOICE temporary-work-main-applicant-identity-citizenships-how_obtained :: Select:how_obtained
AUDIT_CHOICE temporary-work-main-applicant-identity-citizenships-date_obtained_day :: Select:date_obtained_day | Select:date_obtained_month | Select:date_obtained_year
AUDIT_CHOICE temporary-work-main-applicant-identity-citizenships-date_obtained_year :: Select:date_obtained_day | Select:date_obtained_month | Select:date_obtained_year
AUDIT_CHOICE temporary-work-main-applicant-identity-citizenships-date_ceased_day :: Select:date_ceased_day | Select:date_ceased_month | Select:date_ceased_year
AUDIT_CHOICE temporary-work-main-applicant-identity-citizenships-date_ceased_year :: Select:date_ceased_day | Select:date_ceased_month | Select:date_ceased_year
AUDIT_CHOICE temporary-work-main-applicant-employment-current_country :: Select:current_country
AUDIT_CHOICE temporary-work-main-applicant-employment-current_start_date_day :: Select:current_start_date_day | Select:current_start_date_month | Select:current_start_date_year
AUDIT_CHOICE temporary-work-main-applicant-employment-current_start_date_year :: Select:current_start_date_day | Select:current_start_date_month | Select:current_start_date_year
AUDIT_CHOICE temporary-work-main-applicant-employment-employment_history-date_from_day :: Select:date_from_day | Select:date_from_month | Select:date_from_year
AUDIT_CHOICE temporary-work-main-applicant-employment-employment_history-date_from_year :: Select:date_from_day | Select:date_from_month | Select:date_from_year
AUDIT_CHOICE temporary-work-main-applicant-employment-employment_history-date_to_day :: Select:date_to_day | Select:date_to_month | Select:date_to_year
AUDIT_CHOICE temporary-work-main-applicant-employment-employment_history-date_to_year :: Select:date_to_day | Select:date_to_month | Select:date_to_year
AUDIT_CHOICE temporary-work-main-applicant-employment-employment_history-country :: Select:country
AUDIT_CHOICE temporary-work-main-applicant-education-education_history-date_from_day :: Select:date_from_day | Select:date_from_month | Select:date_from_year
AUDIT_CHOICE temporary-work-main-applicant-education-education_history-date_from_year :: Select:date_from_day | Select:date_from_month | Select:date_from_year
AUDIT_CHOICE temporary-work-main-applicant-education-education_history-date_to_day :: Select:date_to_day | Select:date_to_month | Select:date_to_year
AUDIT_CHOICE temporary-work-main-applicant-education-education_history-date_to_year :: Select:date_to_day | Select:date_to_month | Select:date_to_year
AUDIT_CHOICE temporary-work-main-applicant-education-education_history-country :: Select:country
AUDIT_CHOICE temporary-work-main-applicant-skills-registrations-country :: Select:country
AUDIT_CHOICE temporary-work-main-applicant-skills-registrations-issue_date_day :: Select:issue_date_day | Select:issue_date_month | Select:issue_date_year
AUDIT_CHOICE temporary-work-main-applicant-skills-registrations-issue_date_year :: Select:issue_date_day | Select:issue_date_month | Select:issue_date_year
AUDIT_CHOICE temporary-work-main-applicant-skills-registrations-expiry_date_day :: Select:expiry_date_day | Select:expiry_date_month | Select:expiry_date_year
AUDIT_CHOICE temporary-work-main-applicant-skills-registrations-expiry_date_year :: Select:expiry_date_day | Select:expiry_date_month | Select:expiry_date_year
AUDIT_CHOICE temporary-work-main-applicant-skills-assessments-lodgement_date_day :: Select:lodgement_date_day | Select:lodgement_date_month | Select:lodgement_date_year
AUDIT_CHOICE temporary-work-main-applicant-skills-assessments-lodgement_date_year :: Select:lodgement_date_day | Select:lodgement_date_month | Select:lodgement_date_year
AUDIT_CHOICE temporary-work-main-applicant-skills-assessments-outcome_date_day :: Select:outcome_date_day | Select:outcome_date_month | Select:outcome_date_year
AUDIT_CHOICE temporary-work-main-applicant-skills-assessments-outcome_date_year :: Select:outcome_date_day | Select:outcome_date_month | Select:outcome_date_year
AUDIT_CHOICE temporary-work-main-applicant-language-english_tests-date_day :: Select:date_day | Select:date_month | Select:date_year
AUDIT_CHOICE temporary-work-main-applicant-language-english_tests-date_year :: Select:date_day | Select:date_month | Select:date_year
AUDIT_CHOICE temporary-work-spouse-partner-details-citizenships-date_obtained_day :: Select:date_obtained_day | Select:date_obtained_month | Select:date_obtained_year
AUDIT_CHOICE temporary-work-spouse-partner-details-citizenships-date_obtained_year :: Select:date_obtained_day | Select:date_obtained_month | Select:date_obtained_year
AUDIT_CHOICE temporary-work-spouse-partner-details-citizenships-date_ceased_day :: Select:date_ceased_day | Select:date_ceased_month | Select:date_ceased_year
AUDIT_CHOICE temporary-work-spouse-partner-details-citizenships-date_ceased_year :: Select:date_ceased_day | Select:date_ceased_month | Select:date_ceased_year
AUDIT_CHOICE temporary-work-spouse-partner-identity-passports-passport_country :: Select:passport_country
AUDIT_CHOICE temporary-work-spouse-partner-identity-passports-nationality :: Select:nationality
AUDIT_CHOICE temporary-work-spouse-partner-identity-passports-date_issued_day :: Select:date_issued_day | Select:date_issued_month | Select:date_issued_year
AUDIT_CHOICE temporary-work-spouse-partner-identity-passports-date_issued_year :: Select:date_issued_day | Select:date_issued_month | Select:date_issued_year
AUDIT_CHOICE temporary-work-spouse-partner-identity-passports-original_date_day :: Select:original_date_day | Select:original_date_month | Select:original_date_year
AUDIT_CHOICE temporary-work-spouse-partner-identity-passports-original_date_year :: Select:original_date_day | Select:original_date_month | Select:original_date_year
AUDIT_CHOICE temporary-work-spouse-partner-identity-passports-date_expiry_day :: Select:date_expiry_day | Select:date_expiry_month | Select:date_expiry_year
AUDIT_CHOICE temporary-work-spouse-partner-identity-passports-date_expiry_year :: Select:date_expiry_day | Select:date_expiry_month | Select:date_expiry_year
AUDIT_CHOICE temporary-work-spouse-partner-identity-national_id_card-date_issued_day :: Select:date_issued_day | Select:date_issued_month | Select:date_issued_year
AUDIT_CHOICE temporary-work-spouse-partner-identity-national_id_card-date_issued_year :: Select:date_issued_day | Select:date_issued_month | Select:date_issued_year
AUDIT_CHOICE temporary-work-spouse-partner-identity-national_id_card-date_expiry_day :: Select:date_expiry_day | Select:date_expiry_month | Select:date_expiry_year
AUDIT_CHOICE temporary-work-spouse-partner-identity-national_id_card-date_expiry_year :: Select:date_expiry_day | Select:date_expiry_month | Select:date_expiry_year
AUDIT_CHOICE temporary-work-all-applicants-travel-history-travel_history-country :: Select:country
AUDIT_CHOICE temporary-work-all-applicants-travel-history-travel_history-date_arrived_day :: Select:date_arrived_day | Select:date_arrived_month | Select:date_arrived_year
AUDIT_CHOICE temporary-work-all-applicants-travel-history-travel_history-date_arrived_year :: Select:date_arrived_day | Select:date_arrived_month | Select:date_arrived_year
AUDIT_CHOICE temporary-work-all-applicants-travel-history-travel_history-departure_day :: Select:departure_day | Select:departure_month | Select:departure_year
AUDIT_CHOICE temporary-work-all-applicants-travel-history-travel_history-departure_year :: Select:departure_day | Select:departure_month | Select:departure_year
AUDIT_CHOICE temporary-work-all-applicants-countries-of-residence-residence_records-date_from_day :: Select:date_from_day | Select:date_from_month | Select:date_from_year
AUDIT_CHOICE temporary-work-all-applicants-countries-of-residence-residence_records-date_from_year :: Select:date_from_day | Select:date_from_month | Select:date_from_year
AUDIT_CHOICE temporary-work-all-applicants-countries-of-residence-residence_records-date_to_day :: Select:date_to_day | Select:date_to_month | Select:date_to_year
AUDIT_CHOICE temporary-work-all-applicants-countries-of-residence-residence_records-date_to_year :: Select:date_to_day | Select:date_to_month | Select:date_to_year
AUDIT_CHOICE temporary-work-all-applicants-countries-of-residence-residence_records-country :: Select:country
AUDIT_CHOICE temporary-work-all-applicants-health-health_examinations-applicant_name :: Select:applicant_name
AUDIT_CHOICE temporary-work-all-applicants-health-health_examinations-date_completed_day :: Select:date_completed_day | Select:date_completed_month | Select:date_completed_year
AUDIT_CHOICE temporary-work-all-applicants-health-health_examinations-date_completed_year :: Select:date_completed_day | Select:date_completed_month | Select:date_completed_year
AUDIT_CHOICE temporary-work-all-applicants-health-health_examinations-country_of_exam :: Select:country_of_exam
AUDIT_CHOICE temporary-work-all-applicants-health-visited_outside_details-applicant_name :: Select:applicant_name
AUDIT_CHOICE temporary-work-all-applicants-health-visited_outside_details-country :: Select:country
AUDIT_CHOICE temporary-work-all-applicants-health-visited_outside_details-date_from_day :: Select:date_from_day | Select:date_from_month | Select:date_from_year
AUDIT_CHOICE temporary-work-all-applicants-health-visited_outside_details-date_from_year :: Select:date_from_day | Select:date_from_month | Select:date_from_year
AUDIT_CHOICE temporary-work-all-applicants-health-visited_outside_details-date_to_day :: Select:date_to_day | Select:date_to_month | Select:date_to_year
AUDIT_CHOICE temporary-work-all-applicants-health-visited_outside_details-date_to_year :: Select:date_to_day | Select:date_to_month | Select:date_to_year
AUDIT_CHOICE temporary-work-all-applicants-health-hospital_details-applicant_name :: Select:applicant_name
AUDIT_CHOICE temporary-work-all-applicants-health-healthcare_work_details-applicant_name :: Select:applicant_name
AUDIT_CHOICE temporary-work-all-applicants-health-aged_care_work_details-applicant_name :: Select:applicant_name
AUDIT_CHOICE temporary-work-all-applicants-health-childcare_work_details-applicant_name :: Select:applicant_name
AUDIT_CHOICE temporary-work-all-applicants-health-classroom_work_details-applicant_name :: Select:applicant_name
AUDIT_CHOICE temporary-work-all-applicants-health-tuberculosis_details-applicant_name :: Select:applicant_name
AUDIT_CHOICE temporary-work-all-applicants-health-health_conditions_details-applicant_name :: Select:applicant_name
AUDIT_CHOICE temporary-work-all-applicants-health-medical_assistance_details-applicant_name :: Select:applicant_name
No questions: /intake/temporary-work/all-applicants/character
AUDIT_CHOICE temporary-work-spouse-partner-education-education_history-date_from_day :: Select:date_from_day | Select:date_from_month | Select:date_from_year
AUDIT_CHOICE temporary-work-spouse-partner-education-education_history-date_from_year :: Select:date_from_day | Select:date_from_month | Select:date_from_year
AUDIT_CHOICE temporary-work-spouse-partner-education-education_history-date_to_day :: Select:date_to_day | Select:date_to_month | Select:date_to_year
AUDIT_CHOICE temporary-work-spouse-partner-education-education_history-date_to_year :: Select:date_to_day | Select:date_to_month | Select:date_to_year
AUDIT_CHOICE temporary-work-spouse-partner-education-education_history-country :: Select:country
AUDIT_CHOICE temporary-work-spouse-partner-language-english_tests-date_day :: Select:date_day | Select:date_month | Select:date_year
AUDIT_CHOICE temporary-work-spouse-partner-language-english_tests-date_year :: Select:date_day | Select:date_month | Select:date_year
AUDIT_CHOICE temporary-work-spouse-partner-other-details-other_names-document_issue_day :: Select:document_issue_day | Select:document_issue_month | Select:document_issue_year
AUDIT_CHOICE temporary-work-spouse-partner-other-details-other_names-document_issue_year :: Select:document_issue_day | Select:document_issue_month | Select:document_issue_year
AUDIT_CHOICE temporary-work-children-child-profile-details-birth_day :: Select:birth_day
AUDIT_CHOICE temporary-work-children-child-profile-details-birth_year :: Select:birth_year
AUDIT_CHOICE temporary-work-children-child-profile-details-marital_status_date_day :: Select:marital_status_date_day
AUDIT_CHOICE temporary-work-children-child-profile-details-marital_status_date_year :: Select:marital_status_date_year
AUDIT_CHOICE temporary-work-children-child-profile-details-citizenships-date_obtained_day :: Select:date_obtained_day | Select:date_obtained_month | Select:date_obtained_year
AUDIT_CHOICE temporary-work-children-child-profile-details-citizenships-date_obtained_year :: Select:date_obtained_day | Select:date_obtained_month | Select:date_obtained_year
AUDIT_CHOICE temporary-work-children-child-profile-details-citizenships-date_ceased_day :: Select:date_ceased_day | Select:date_ceased_month | Select:date_ceased_year
AUDIT_CHOICE temporary-work-children-child-profile-details-citizenships-date_ceased_year :: Select:date_ceased_day | Select:date_ceased_month | Select:date_ceased_year
AUDIT_CHOICE temporary-work-children-child-profile-other-other_names-document_issue_day :: Select:document_issue_day | Select:document_issue_month | Select:document_issue_year
AUDIT_CHOICE temporary-work-children-child-profile-other-other_names-document_issue_year :: Select:document_issue_day | Select:document_issue_month | Select:document_issue_year
AUDIT_CHOICE temporary-work-children-child-profile-identity-passports-passport_country :: Select:passport_country
AUDIT_CHOICE temporary-work-children-child-profile-identity-passports-nationality :: Select:nationality
AUDIT_CHOICE temporary-work-children-child-profile-identity-passports-date_issued_day :: Select:date_issued_day | Select:date_issued_month | Select:date_issued_year
AUDIT_CHOICE temporary-work-children-child-profile-identity-passports-date_issued_year :: Select:date_issued_day | Select:date_issued_month | Select:date_issued_year
AUDIT_CHOICE temporary-work-children-child-profile-identity-passports-original_date_day :: Select:original_date_day | Select:original_date_month | Select:original_date_year
AUDIT_CHOICE temporary-work-children-child-profile-identity-passports-original_date_year :: Select:original_date_day | Select:original_date_month | Select:original_date_year
AUDIT_CHOICE temporary-work-children-child-profile-identity-passports-date_expiry_day :: Select:date_expiry_day | Select:date_expiry_month | Select:date_expiry_year
AUDIT_CHOICE temporary-work-children-child-profile-identity-passports-date_expiry_year :: Select:date_expiry_day | Select:date_expiry_month | Select:date_expiry_year
AUDIT_CHOICE temporary-work-children-child-profile-identity-national_id_card-date_issued_day :: Select:date_issued_day | Select:date_issued_month | Select:date_issued_year
AUDIT_CHOICE temporary-work-children-child-profile-identity-national_id_card-date_issued_year :: Select:date_issued_day | Select:date_issued_month | Select:date_issued_year
AUDIT_CHOICE temporary-work-children-child-profile-identity-national_id_card-date_expiry_day :: Select:date_expiry_day | Select:date_expiry_month | Select:date_expiry_year
AUDIT_CHOICE temporary-work-children-child-profile-identity-national_id_card-date_expiry_year :: Select:date_expiry_day | Select:date_expiry_month | Select:date_expiry_year
AUDIT_CHOICE temporary-work-children-child-profile-custody-primary_custody_details :: RadioGroup:under_18
AUDIT_CHOICE temporary-work-children-child-profile-custody-other_person_rights_details :: RadioGroup:under_18
AUDIT_CHOICE temporary-work-children-child-profile-custody-travel_impediments_details :: RadioGroup:under_18
AUDIT_CHOICE partner-main-applicant-details-birth_day :: Select:birth_day
AUDIT_CHOICE partner-main-applicant-details-birth_year :: Select:birth_year
AUDIT_CHOICE partner-main-applicant-details-marital_status_date_day :: Select:marital_status_date_day
AUDIT_CHOICE partner-main-applicant-details-marital_status_date_year :: Select:marital_status_date_year
AUDIT_CHOICE partner-main-applicant-details-citizenships-date_obtained_day :: Select:date_obtained_day | Select:date_obtained_month | Select:date_obtained_year
AUDIT_CHOICE partner-main-applicant-details-citizenships-date_obtained_year :: Select:date_obtained_day | Select:date_obtained_month | Select:date_obtained_year
AUDIT_CHOICE partner-main-applicant-details-citizenships-date_ceased_day :: Select:date_ceased_day | Select:date_ceased_month | Select:date_ceased_year
AUDIT_CHOICE partner-main-applicant-details-citizenships-date_ceased_year :: Select:date_ceased_day | Select:date_ceased_month | Select:date_ceased_year
AUDIT_CHOICE partner-main-applicant-other-other_names-document_issue_day :: Select:document_issue_day | Select:document_issue_month | Select:document_issue_year
AUDIT_CHOICE partner-main-applicant-other-other_names-document_issue_year :: Select:document_issue_day | Select:document_issue_month | Select:document_issue_year
AUDIT_CHOICE partner-main-applicant-identity-citizenships-how_obtained :: Select:how_obtained
AUDIT_CHOICE partner-main-applicant-identity-citizenships-date_obtained_day :: Select:date_obtained_day | Select:date_obtained_month | Select:date_obtained_year
AUDIT_CHOICE partner-main-applicant-identity-citizenships-date_obtained_year :: Select:date_obtained_day | Select:date_obtained_month | Select:date_obtained_year
AUDIT_CHOICE partner-main-applicant-identity-citizenships-date_ceased_day :: Select:date_ceased_day | Select:date_ceased_month | Select:date_ceased_year
AUDIT_CHOICE partner-main-applicant-identity-citizenships-date_ceased_year :: Select:date_ceased_day | Select:date_ceased_month | Select:date_ceased_year
AUDIT_CHOICE partner-main-applicant-employment-current_country :: Select:current_country
AUDIT_CHOICE partner-main-applicant-employment-current_start_date_day :: Select:current_start_date_day | Select:current_start_date_month | Select:current_start_date_year
AUDIT_CHOICE partner-main-applicant-employment-current_start_date_year :: Select:current_start_date_day | Select:current_start_date_month | Select:current_start_date_year
AUDIT_CHOICE partner-main-applicant-employment-employment_history-date_from_day :: Select:date_from_day | Select:date_from_month | Select:date_from_year
AUDIT_CHOICE partner-main-applicant-employment-employment_history-date_from_year :: Select:date_from_day | Select:date_from_month | Select:date_from_year
AUDIT_CHOICE partner-main-applicant-employment-employment_history-date_to_day :: Select:date_to_day | Select:date_to_month | Select:date_to_year
AUDIT_CHOICE partner-main-applicant-employment-employment_history-date_to_year :: Select:date_to_day | Select:date_to_month | Select:date_to_year
AUDIT_CHOICE partner-main-applicant-employment-employment_history-country :: Select:country
AUDIT_CHOICE partner-main-applicant-education-education_history-date_from_day :: Select:qualification_type | RadioGroup:is_highest_qualification | Select:course_language | Select:course_status | Select:country
AUDIT_CHOICE partner-main-applicant-education-education_history-date_from_month :: Select:qualification_type | RadioGroup:is_highest_qualification | Select:course_language | Select:course_status | Select:country
AUDIT_CHOICE partner-main-applicant-education-education_history-date_from_year :: Select:qualification_type | RadioGroup:is_highest_qualification | Select:course_language | Select:course_status | Select:country
AUDIT_CHOICE partner-main-applicant-education-education_history-date_to_day :: Select:qualification_type | RadioGroup:is_highest_qualification | Select:course_language | Select:course_status | Select:country
AUDIT_CHOICE partner-main-applicant-education-education_history-date_to_month :: Select:qualification_type | RadioGroup:is_highest_qualification | Select:course_language | Select:course_status | Select:country
AUDIT_CHOICE partner-main-applicant-education-education_history-date_to_year :: Select:qualification_type | RadioGroup:is_highest_qualification | Select:course_language | Select:course_status | Select:country
AUDIT_CHOICE partner-main-applicant-education-education_history-country :: Select:country
AUDIT_CHOICE partner-main-applicant-language-english_tests-date_day :: Select:date_day | Select:date_month | Select:date_year
AUDIT_CHOICE partner-main-applicant-language-english_tests-date_year :: Select:date_day | Select:date_month | Select:date_year
AUDIT_CHOICE partner-main-applicant-family-children-birth_day :: RadioGroup:gender | Select:relationship
AUDIT_CHOICE partner-main-applicant-family-children-birth_month :: RadioGroup:gender | Select:relationship
AUDIT_CHOICE partner-main-applicant-family-children-birth_year :: RadioGroup:gender | Select:relationship
AUDIT_CHOICE partner-main-applicant-family-children-relationship :: Select:relationship
AUDIT_CHOICE partner-spouse-partner-other-details-other_names-document_issue_day :: Select:document_issue_day | Select:document_issue_month | Select:document_issue_year
AUDIT_CHOICE partner-spouse-partner-other-details-other_names-document_issue_year :: Select:document_issue_day | Select:document_issue_month | Select:document_issue_year
AUDIT_CHOICE temporary-work-spouse-partner-identity-passports-passport_country :: Select:passport_country
AUDIT_CHOICE temporary-work-spouse-partner-identity-passports-nationality :: Select:nationality
AUDIT_CHOICE temporary-work-spouse-partner-identity-passports-date_issued_day :: Select:date_issued_day | Select:date_issued_month | Select:date_issued_year
AUDIT_CHOICE temporary-work-spouse-partner-identity-passports-date_issued_year :: Select:date_issued_day | Select:date_issued_month | Select:date_issued_year
AUDIT_CHOICE temporary-work-spouse-partner-identity-passports-original_date_day :: Select:original_date_day | Select:original_date_month | Select:original_date_year
AUDIT_CHOICE temporary-work-spouse-partner-identity-passports-original_date_year :: Select:original_date_day | Select:original_date_month | Select:original_date_year
AUDIT_CHOICE temporary-work-spouse-partner-identity-passports-date_expiry_day :: Select:date_expiry_day | Select:date_expiry_month | Select:date_expiry_year
AUDIT_CHOICE temporary-work-spouse-partner-identity-passports-date_expiry_year :: Select:date_expiry_day | Select:date_expiry_month | Select:date_expiry_year
AUDIT_CHOICE temporary-work-spouse-partner-identity-national_id_card-date_issued_day :: Select:date_issued_day | Select:date_issued_month | Select:date_issued_year
AUDIT_CHOICE temporary-work-spouse-partner-identity-national_id_card-date_issued_year :: Select:date_issued_day | Select:date_issued_month | Select:date_issued_year
AUDIT_CHOICE temporary-work-spouse-partner-identity-national_id_card-date_expiry_day :: Select:date_expiry_day | Select:date_expiry_month | Select:date_expiry_year
AUDIT_CHOICE temporary-work-spouse-partner-identity-national_id_card-date_expiry_year :: Select:date_expiry_day | Select:date_expiry_month | Select:date_expiry_year
AUDIT_CHOICE partner-family-sponsor-details-family_name :: Field:family_name
AUDIT_CHOICE partner-family-sponsor-details-given_names :: Field:given_names
AUDIT_CHOICE partner-family-sponsor-details-birth_day :: Field:family_name | Field:given_names | Field:gender | Field:relationship | Field:country_of_birth | Field:suburb_of_birth | Field:city_of_birth | Field:state_of_birth | Field:marital_status
AUDIT_CHOICE partner-family-sponsor-details-birth_month :: Field:family_name | Field:given_names | Field:gender | Field:relationship | Field:country_of_birth | Field:suburb_of_birth | Field:city_of_birth | Field:state_of_birth | Field:marital_status
AUDIT_CHOICE partner-family-sponsor-details-birth_year :: Field:family_name | Field:given_names | Field:gender | Field:relationship | Field:country_of_birth | Field:suburb_of_birth | Field:city_of_birth | Field:state_of_birth | Field:marital_status
AUDIT_CHOICE partner-family-sponsor-details-country_of_birth :: Field:country_of_birth
AUDIT_CHOICE partner-family-sponsor-details-suburb_of_birth :: Field:suburb_of_birth
AUDIT_CHOICE partner-family-sponsor-details-city_of_birth :: Field:city_of_birth
AUDIT_CHOICE partner-family-sponsor-details-state_of_birth :: Field:state_of_birth
AUDIT_CHOICE partner-family-sponsor-details-marital_status :: Field:marital_status
AUDIT_CHOICE partner-family-sponsor-other-other_names-document_issue_day :: Select:document_issue_day | Select:document_issue_month | Select:document_issue_year
AUDIT_CHOICE partner-family-sponsor-other-other_names-document_issue_year :: Select:document_issue_day | Select:document_issue_month | Select:document_issue_year
AUDIT_CHOICE partner-family-sponsor-other-other_names-issuing_country :: Select:issuing_country
AUDIT_CHOICE partner-family-sponsor-identity-citizenships-country :: Select:country
AUDIT_CHOICE partner-family-sponsor-identity-citizenships-date_obtained_day :: Select:country | Select:obtained_method | RadioGroup:still_citizen
AUDIT_CHOICE partner-family-sponsor-identity-citizenships-date_obtained_month :: Select:country | Select:obtained_method | RadioGroup:still_citizen
AUDIT_CHOICE partner-family-sponsor-identity-citizenships-date_obtained_year :: Select:country | Select:obtained_method | RadioGroup:still_citizen
AUDIT_CHOICE partner-family-sponsor-identity-citizenships-date_ceased_day :: Select:country | Select:obtained_method | RadioGroup:still_citizen
AUDIT_CHOICE partner-family-sponsor-identity-citizenships-date_ceased_month :: Select:country | Select:obtained_method | RadioGroup:still_citizen
AUDIT_CHOICE partner-family-sponsor-identity-citizenships-date_ceased_year :: Select:country | Select:obtained_method | RadioGroup:still_citizen
AUDIT_CHOICE partner-family-sponsor-identity-passports-passport_country :: Select:passport_country
AUDIT_CHOICE partner-family-sponsor-identity-passports-nationality :: Select:nationality
AUDIT_CHOICE partner-family-sponsor-identity-passports-name :: Select:name
AUDIT_CHOICE partner-family-sponsor-identity-passports-family_name :: Select:name
AUDIT_CHOICE partner-family-sponsor-identity-passports-given_names :: Select:name
AUDIT_CHOICE partner-family-sponsor-identity-passports-date_issued_day :: RadioGroup:is_original_date | Select:document_status
AUDIT_CHOICE partner-family-sponsor-identity-passports-date_issued_month :: RadioGroup:is_original_date | Select:document_status
AUDIT_CHOICE partner-family-sponsor-identity-passports-date_issued_year :: RadioGroup:is_original_date | Select:document_status
AUDIT_CHOICE partner-family-sponsor-identity-passports-original_date_day :: RadioGroup:is_original_date | Select:document_status
AUDIT_CHOICE partner-family-sponsor-identity-passports-original_date_month :: RadioGroup:is_original_date | Select:document_status
AUDIT_CHOICE partner-family-sponsor-identity-passports-original_date_year :: RadioGroup:is_original_date | Select:document_status
AUDIT_CHOICE partner-family-sponsor-identity-passports-date_expiry_day :: RadioGroup:is_original_date | Select:document_status
AUDIT_CHOICE partner-family-sponsor-identity-passports-date_expiry_month :: RadioGroup:is_original_date | Select:document_status
AUDIT_CHOICE partner-family-sponsor-identity-passports-date_expiry_year :: RadioGroup:is_original_date | Select:document_status
AUDIT_CHOICE partner-family-sponsor-family-family_members-birth_day :: RadioGroup:gender | Select:relationship
AUDIT_CHOICE partner-family-sponsor-family-family_members-birth_month :: RadioGroup:gender | Select:relationship
AUDIT_CHOICE partner-family-sponsor-family-family_members-birth_year :: RadioGroup:gender | Select:relationship
AUDIT_CHOICE partner-family-sponsor-circumstances-employment_history-date_from_day :: Select:status | Select:country
AUDIT_CHOICE partner-family-sponsor-circumstances-employment_history-date_from_month :: Select:status | Select:country
AUDIT_CHOICE partner-family-sponsor-circumstances-employment_history-date_from_year :: Select:status | Select:country
AUDIT_CHOICE partner-family-sponsor-circumstances-employment_history-date_to_day :: Select:status | Select:country
AUDIT_CHOICE partner-family-sponsor-circumstances-employment_history-date_to_month :: Select:status | Select:country
AUDIT_CHOICE partner-family-sponsor-circumstances-employment_history-date_to_year :: Select:status | Select:country
AUDIT_CHOICE partner-family-sponsor-circumstances-employment_history-country :: Select:country
AUDIT_CHOICE partner-family-sponsor-addresses-addresses-country :: Select:country
AUDIT_CHOICE partner-family-sponsor-addresses-addresses-date_from_day :: Select:country | Select:legal_status
AUDIT_CHOICE partner-family-sponsor-addresses-addresses-date_from_month :: Select:country | Select:legal_status
AUDIT_CHOICE partner-family-sponsor-addresses-addresses-date_from_year :: Select:country | Select:legal_status
AUDIT_CHOICE partner-family-sponsor-addresses-addresses-date_to_day :: Select:country | Select:legal_status
AUDIT_CHOICE partner-family-sponsor-addresses-addresses-date_to_month :: Select:country | Select:legal_status
AUDIT_CHOICE partner-family-sponsor-addresses-addresses-date_to_year :: Select:country | Select:legal_status
AUDIT_CHOICE partner-family-sponsor-contact-email_address :: Field:email_address
AUDIT_CHOICE partner-family-sponsor-contact-postal_country :: Select:postal_country
AUDIT_CHOICE partner-family-sponsor-previous-sponsorship-previous_sponsorships-visa_subclass :: Select:visa_subclass
AUDIT_CHOICE partner-family-sponsor-previous-sponsorship-previous_sponsorships-application_date_day :: Select:visa_subclass | Select:outcome
AUDIT_CHOICE partner-family-sponsor-previous-sponsorship-previous_sponsorships-application_date_month :: Select:visa_subclass | Select:outcome
AUDIT_CHOICE partner-family-sponsor-previous-sponsorship-previous_sponsorships-application_date_year :: Select:visa_subclass | Select:outcome
AUDIT_CHOICE partner-family-sponsor-previous-sponsorship-previous_sponsorships-decision_date_day :: Select:visa_subclass | Select:outcome
AUDIT_CHOICE partner-family-sponsor-previous-sponsorship-previous_sponsorships-decision_date_month :: Select:visa_subclass | Select:outcome
AUDIT_CHOICE partner-family-sponsor-previous-sponsorship-previous_sponsorships-decision_date_year :: Select:visa_subclass | Select:outcome
AUDIT_CHOICE partner-family-sponsor-previous-sponsorship-previous_sponsorships-family_name :: Select:selected_person | RadioGroup:gender | Select:relationship
AUDIT_CHOICE partner-family-sponsor-previous-sponsorship-previous_sponsorships-given_names :: Select:selected_person | RadioGroup:gender | Select:relationship
AUDIT_CHOICE partner-family-sponsor-previous-sponsorship-previous_sponsorships-birth_day :: Select:selected_person | RadioGroup:gender | Select:relationship
AUDIT_CHOICE partner-family-sponsor-previous-sponsorship-previous_sponsorships-birth_month :: Select:selected_person | RadioGroup:gender | Select:relationship
AUDIT_CHOICE partner-family-sponsor-previous-sponsorship-previous_sponsorships-birth_year :: Select:selected_person | RadioGroup:gender | Select:relationship
AUDIT_CHOICE partner-family-sponsor-previous-sponsorship-previous_sponsorships-selected_person :: Select:selected_person | RadioGroup:gender | Select:relationship
AUDIT_CHOICE partner-family-sponsor-travel-arrival_date_day :: Select:country | RadioGroup:is_current_location | Select:reason_for_being | Select:legal_status
AUDIT_CHOICE partner-family-sponsor-travel-arrival_date_month :: Select:country | RadioGroup:is_current_location | Select:reason_for_being | Select:legal_status
AUDIT_CHOICE partner-family-sponsor-travel-arrival_date_year :: Select:country | RadioGroup:is_current_location | Select:reason_for_being | Select:legal_status
AUDIT_CHOICE partner-family-sponsor-travel-australian_visas-visa_subclass :: Select:visa_subclass
AUDIT_CHOICE partner-family-sponsor-travel-australian_visas-date_applied_day :: Select:visa_subclass
AUDIT_CHOICE partner-family-sponsor-travel-australian_visas-date_applied_month :: Select:visa_subclass
AUDIT_CHOICE partner-family-sponsor-travel-australian_visas-date_applied_year :: Select:visa_subclass
AUDIT_CHOICE partner-family-sponsor-travel-australian_visas-date_issued_day :: Select:visa_subclass
AUDIT_CHOICE partner-family-sponsor-travel-australian_visas-date_issued_month :: Select:visa_subclass
AUDIT_CHOICE partner-family-sponsor-travel-australian_visas-date_issued_year :: Select:visa_subclass
AUDIT_CHOICE partner-family-sponsor-travel-australian_visas-date_expired_day :: Select:visa_subclass
AUDIT_CHOICE partner-family-sponsor-travel-australian_visas-date_expired_month :: Select:visa_subclass
AUDIT_CHOICE partner-family-sponsor-travel-australian_visas-date_expired_year :: Select:visa_subclass
AUDIT_CHOICE partner-family-sponsor-travel-travel_history-country :: Select:country
AUDIT_CHOICE partner-family-sponsor-travel-travel_history-arrival_date_day :: Select:country | RadioGroup:is_current_location | Select:reason_for_being | Select:legal_status
AUDIT_CHOICE partner-family-sponsor-travel-travel_history-arrival_date_month :: Select:country | RadioGroup:is_current_location | Select:reason_for_being | Select:legal_status
AUDIT_CHOICE partner-family-sponsor-travel-travel_history-arrival_date_year :: Select:country | RadioGroup:is_current_location | Select:reason_for_being | Select:legal_status
AUDIT_CHOICE partner-family-sponsor-travel-travel_history-departure_date_day :: RadioGroup:is_current_location
AUDIT_CHOICE partner-family-sponsor-travel-travel_history-departure_date_month :: RadioGroup:is_current_location
AUDIT_CHOICE partner-family-sponsor-travel-travel_history-departure_date_year :: RadioGroup:is_current_location
AUDIT_CHOICE partner-relationships-current-relationship-committed_de_facto_date_day :: Field:related_by_blood_marriage_adoption | Field:met_in_person | Field:relationship_registered | Field:living_together | Field:lived_apart
AUDIT_CHOICE partner-relationships-current-relationship-committed_de_facto_date_month :: Field:related_by_blood_marriage_adoption | Field:met_in_person | Field:relationship_registered | Field:living_together | Field:lived_apart
AUDIT_CHOICE partner-relationships-current-relationship-committed_de_facto_date_year :: Field:related_by_blood_marriage_adoption | Field:met_in_person | Field:relationship_registered | Field:living_together | Field:lived_apart
AUDIT_CHOICE partner-relationships-current-relationship-committed_shared_life_date_day :: Field:related_by_blood_marriage_adoption | Field:met_in_person | Field:relationship_registered | Field:living_together | Field:lived_apart
AUDIT_CHOICE partner-relationships-current-relationship-committed_shared_life_date_month :: Field:related_by_blood_marriage_adoption | Field:met_in_person | Field:relationship_registered | Field:living_together | Field:lived_apart
AUDIT_CHOICE partner-relationships-current-relationship-committed_shared_life_date_year :: Field:related_by_blood_marriage_adoption | Field:met_in_person | Field:relationship_registered | Field:living_together | Field:lived_apart
AUDIT_CHOICE partner-relationships-previous-relationships-applicant_previous_relationships_list-family_name :: Field:family_name
AUDIT_CHOICE partner-relationships-previous-relationships-applicant_previous_relationships_list-given_names :: Field:given_names
AUDIT_CHOICE partner-relationships-previous-relationships-applicant_previous_relationships_list-current_country_of_residence :: Field:current_country_of_residence
AUDIT_CHOICE partner-relationships-previous-relationships-applicant_previous_relationships_list-type_of_relationship :: Field:type_of_relationship
AUDIT_CHOICE partner-relationships-previous-relationships-applicant_previous_relationships_list-number_of_children :: Field:number_of_children
AUDIT_CHOICE partner-relationships-previous-relationships-applicant_previous_relationships_list-how_relationship_ceased :: Field:how_relationship_ceased
AUDIT_CHOICE partner-relationships-previous-relationships-spouse_previous_relationships_list-family_name :: Field:family_name
AUDIT_CHOICE partner-relationships-previous-relationships-spouse_previous_relationships_list-given_names :: Field:given_names
AUDIT_CHOICE partner-relationships-previous-relationships-spouse_previous_relationships_list-current_country_of_residence :: Field:current_country_of_residence
AUDIT_CHOICE partner-relationships-previous-relationships-spouse_previous_relationships_list-type_of_relationship :: Field:type_of_relationship
AUDIT_CHOICE partner-relationships-previous-relationships-spouse_previous_relationships_list-number_of_children :: Field:number_of_children
AUDIT_CHOICE partner-relationships-previous-relationships-spouse_previous_relationships_list-how_relationship_ceased :: Field:how_relationship_ceased
AUDIT_CHOICE partner-relationships-supporting-witnesses-supporting_witnesses-family_name :: Field:family_name
AUDIT_CHOICE partner-relationships-supporting-witnesses-supporting_witnesses-given_names :: Field:given_names
AUDIT_CHOICE partner-relationships-supporting-witnesses-supporting_witnesses-birth_day :: Field:family_name | Field:given_names | Field:gender | Field:occupation | Field:relationship_to_main_applicant | Field:years_known_main_applicant | Field:relationship_to_spouse | Field:years_known_spouse | Field:email_address | Field:address_line1 | Field:address_line2 | Field:suburb | Field:state | Field:postcode | Field:country
AUDIT_CHOICE partner-relationships-supporting-witnesses-supporting_witnesses-birth_month :: Field:family_name | Field:given_names | Field:gender | Field:occupation | Field:relationship_to_main_applicant | Field:years_known_main_applicant | Field:relationship_to_spouse | Field:years_known_spouse | Field:email_address | Field:address_line1 | Field:address_line2 | Field:suburb | Field:state | Field:postcode | Field:country
AUDIT_CHOICE partner-relationships-supporting-witnesses-supporting_witnesses-birth_year :: Field:family_name | Field:given_names | Field:gender | Field:occupation | Field:relationship_to_main_applicant | Field:years_known_main_applicant | Field:relationship_to_spouse | Field:years_known_spouse | Field:email_address | Field:address_line1 | Field:address_line2 | Field:suburb | Field:state | Field:postcode | Field:country
AUDIT_CHOICE partner-relationships-supporting-witnesses-supporting_witnesses-occupation :: Field:occupation
AUDIT_CHOICE partner-relationships-supporting-witnesses-supporting_witnesses-email_address :: Field:email_address
AUDIT_CHOICE partner-relationships-supporting-witnesses-supporting_witnesses-address_line1 :: Field:address_line1
AUDIT_CHOICE partner-relationships-supporting-witnesses-supporting_witnesses-address_line2 :: Field:address_line2
AUDIT_CHOICE partner-relationships-supporting-witnesses-supporting_witnesses-suburb :: Field:suburb
AUDIT_CHOICE partner-relationships-supporting-witnesses-supporting_witnesses-state :: Field:state
AUDIT_CHOICE partner-relationships-supporting-witnesses-supporting_witnesses-postcode :: Field:postcode
AUDIT_CHOICE partner-relationships-supporting-witnesses-supporting_witnesses-country :: Field:country
AUDIT_CHOICE partner-all-applicants-addresses-address_history-country :: Select:country
AUDIT_CHOICE partner-all-applicants-addresses-address_history-date_from_day :: Select:date_from_day | Select:date_from_month | Select:date_from_year
AUDIT_CHOICE partner-all-applicants-addresses-address_history-date_from_year :: Select:date_from_day | Select:date_from_month | Select:date_from_year
AUDIT_CHOICE partner-all-applicants-addresses-address_history-date_to_day :: Select:date_to_day | Select:date_to_month | Select:date_to_year
AUDIT_CHOICE partner-all-applicants-addresses-address_history-date_to_year :: Select:date_to_day | Select:date_to_month | Select:date_to_year
AUDIT_CHOICE partner-all-applicants-contact-details-postal_country :: Select:postal_country
AUDIT_CHOICE partner-all-applicants-visas-visa_history-visa_country :: Select:visa_country
AUDIT_CHOICE partner-all-applicants-visas-visa_history-application_date_day :: Select:application_date_day | Select:application_date_month | Select:application_date_year
AUDIT_CHOICE partner-all-applicants-visas-visa_history-application_date_year :: Select:application_date_day | Select:application_date_month | Select:application_date_year
AUDIT_CHOICE partner-all-applicants-visas-visa_history-date_granted_day :: Select:date_granted_day | Select:date_granted_month | Select:date_granted_year
AUDIT_CHOICE partner-all-applicants-visas-visa_history-date_granted_year :: Select:date_granted_day | Select:date_granted_month | Select:date_granted_year
AUDIT_CHOICE partner-all-applicants-visas-visa_history-expiry_date_day :: Select:expiry_date_day | Select:expiry_date_month | Select:expiry_date_year
AUDIT_CHOICE partner-all-applicants-visas-visa_history-expiry_date_year :: Select:expiry_date_day | Select:expiry_date_month | Select:expiry_date_year
AUDIT_CHOICE partner-all-applicants-visas-visa_history-decision_date_day :: Select:decision_date_day | Select:decision_date_month | Select:decision_date_year
AUDIT_CHOICE partner-all-applicants-visas-visa_history-decision_date_year :: Select:decision_date_day | Select:decision_date_month | Select:decision_date_year
AUDIT_CHOICE partner-all-applicants-travel-history-travel_history-country :: Select:country
AUDIT_CHOICE partner-all-applicants-travel-history-travel_history-date_arrived_day :: Select:date_arrived_day | Select:date_arrived_month | Select:date_arrived_year
AUDIT_CHOICE partner-all-applicants-travel-history-travel_history-date_arrived_year :: Select:date_arrived_day | Select:date_arrived_month | Select:date_arrived_year
AUDIT_CHOICE partner-all-applicants-travel-history-travel_history-departure_day :: Select:country | Select:reason_for_visit | Select:legal_status | Select:date_arrived_day | Select:date_arrived_month | Select:date_arrived_year | Select:departure_day | Select:departure_month | Select:departure_year
AUDIT_CHOICE partner-all-applicants-travel-history-travel_history-departure_year :: Select:country | Select:reason_for_visit | Select:legal_status | Select:date_arrived_day | Select:date_arrived_month | Select:date_arrived_year | Select:departure_day | Select:departure_month | Select:departure_year
AUDIT_CHOICE partner-all-applicants-future-travel-future_travel-departure_city :: Field:departure_city
AUDIT_CHOICE partner-all-applicants-future-travel-future_travel-flight_number :: Field:flight_number
AUDIT_CHOICE partner-all-applicants-future-travel-future_travel-arrival_city :: Field:arrival_city
AUDIT_CHOICE partner-all-applicants-future-travel-future_travel-reason :: Field:reason
AUDIT_CHOICE partner-all-applicants-future-addresses-future_addresses-date_from_day :: Select:date_from_day | Select:date_from_month | Select:date_from_year
AUDIT_CHOICE partner-all-applicants-future-addresses-future_addresses-date_from_year :: Select:date_from_day | Select:date_from_month | Select:date_from_year
AUDIT_CHOICE partner-all-applicants-health-health_examinations-applicant_name :: Select:applicant_name
AUDIT_CHOICE partner-all-applicants-health-health_examinations-date_completed_day :: Select:date_completed_day | Select:date_completed_month | Select:date_completed_year
AUDIT_CHOICE partner-all-applicants-health-health_examinations-date_completed_year :: Select:date_completed_day | Select:date_completed_month | Select:date_completed_year
AUDIT_CHOICE partner-all-applicants-health-health_examinations-country_of_exam :: Select:country_of_exam
AUDIT_CHOICE partner-all-applicants-health-hospital_details-applicant_name :: Select:applicant_name
AUDIT_CHOICE partner-all-applicants-health-healthcare_work_details-applicant_name :: Select:applicant_name
AUDIT_CHOICE partner-all-applicants-health-aged_care_work_details-applicant_name :: Select:applicant_name
AUDIT_CHOICE partner-all-applicants-health-childcare_work_details-applicant_name :: Select:applicant_name
AUDIT_CHOICE partner-all-applicants-health-classroom_work_details-applicant_name :: Select:applicant_name
AUDIT_CHOICE partner-all-applicants-health-classroom_work_details-start_date_day :: Select:start_date_day | Select:start_date_month | Select:start_date_year
AUDIT_CHOICE partner-all-applicants-health-classroom_work_details-start_date_year :: Select:start_date_day | Select:start_date_month | Select:start_date_year
AUDIT_CHOICE partner-all-applicants-health-classroom_work_details-end_date_day :: Select:end_date_day | Select:end_date_month | Select:end_date_year
AUDIT_CHOICE partner-all-applicants-health-classroom_work_details-end_date_year :: Select:end_date_day | Select:end_date_month | Select:end_date_year
AUDIT_CHOICE partner-all-applicants-health-tuberculosis_details-applicant_name :: Select:applicant_name
AUDIT_CHOICE partner-all-applicants-health-tuberculosis_exposure_details-applicant_name :: Select:applicant_name
AUDIT_CHOICE partner-all-applicants-health-health_conditions_details-applicant_name :: Select:applicant_name
AUDIT_CHOICE partner-all-applicants-health-medical_assistance_details-applicant_name :: Select:applicant_name
AUDIT_CHOICE partner-all-applicants-character-criminal_conduct_details-applicant_name :: Select:applicant_name
AUDIT_CHOICE partner-all-applicants-character-criminal_conduct_details-country :: Select:country
AUDIT_CHOICE partner-all-applicants-character-violent_org_details-applicant_name :: Select:applicant_name
AUDIT_CHOICE partner-all-applicants-character-violent_org_details-country :: Select:country
AUDIT_CHOICE partner-all-applicants-character-national_security_details-applicant_name :: Select:applicant_name
AUDIT_CHOICE partner-all-applicants-character-national_security_details-country :: Select:country
AUDIT_CHOICE partner-all-applicants-character-outstanding_debts_details-applicant_name :: Select:applicant_name
AUDIT_CHOICE partner-all-applicants-character-outstanding_debts_details-country :: Select:country
AUDIT_CHOICE partner-all-applicants-character-convicted_offence_details-applicant_name :: Select:applicant_name
AUDIT_CHOICE partner-all-applicants-character-convicted_offence_details-country :: Select:country
AUDIT_CHOICE partner-all-applicants-character-convicted_offence_details-date_day :: Select:date_day | Select:date_month | Select:date_year
AUDIT_CHOICE partner-all-applicants-character-convicted_offence_details-date_year :: Select:date_day | Select:date_month | Select:date_year
AUDIT_CHOICE partner-all-applicants-character-awaiting_legal_action_details-applicant_name :: Select:applicant_name
AUDIT_CHOICE partner-all-applicants-character-awaiting_legal_action_details-country :: Select:country
AUDIT_CHOICE partner-all-applicants-character-awaiting_legal_action_details-date_day :: Select:date_day | Select:date_month | Select:date_year
AUDIT_CHOICE partner-all-applicants-character-awaiting_legal_action_details-date_year :: Select:date_day | Select:date_month | Select:date_year
AUDIT_CHOICE partner-all-applicants-character-false_misleading_info_details-applicant_name :: Select:applicant_name
AUDIT_CHOICE partner-all-applicants-character-sponsorship_payment_details-applicant_name :: Select:applicant_name
AUDIT_CHOICE partner-all-applicants-character-police_check_details-applicant_name :: Select:applicant_name
AUDIT_CHOICE partner-all-applicants-character-police_check_details-issuing_country :: Select:issuing_country
AUDIT_CHOICE partner-all-applicants-character-police_check_details-application_date_day :: Select:application_date_day | Select:application_date_month | Select:application_date_year
AUDIT_CHOICE partner-all-applicants-character-police_check_details-application_date_year :: Select:application_date_day | Select:application_date_month | Select:application_date_year
AUDIT_CHOICE partner-all-applicants-character-police_check_details-date_issue_day :: Select:date_issue_day | Select:date_issue_month | Select:date_issue_year
AUDIT_CHOICE partner-all-applicants-character-police_check_details-date_issue_year :: Select:date_issue_day | Select:date_issue_month | Select:date_issue_year
AUDIT_CHOICE partner-all-applicants-character-immigration_detention_details-applicant_name :: Select:applicant_name
AUDIT_CHOICE partner-all-applicants-character-immigration_detention_details-country :: Select:country
AUDIT_CHOICE partner-all-applicants-character-immigration_detention_details-date_from_day :: Select:date_from_day | Select:date_from_month | Select:date_from_year
AUDIT_CHOICE partner-all-applicants-character-immigration_detention_details-date_from_year :: Select:date_from_day | Select:date_from_month | Select:date_from_year
AUDIT_CHOICE partner-all-applicants-character-immigration_detention_details-date_to_day :: Select:date_to_day | Select:date_to_month | Select:date_to_year
AUDIT_CHOICE partner-all-applicants-character-immigration_detention_details-date_to_year :: Select:date_to_day | Select:date_to_month | Select:date_to_year
AUDIT_CHOICE partner-all-applicants-character-psychiatric_institution_details-applicant_name :: Select:applicant_name
AUDIT_CHOICE partner-all-applicants-character-psychiatric_institution_details-date_from_day :: Select:date_from_day | Select:date_from_month | Select:date_from_year
AUDIT_CHOICE partner-all-applicants-character-psychiatric_institution_details-date_from_year :: Select:date_from_day | Select:date_from_month | Select:date_from_year
AUDIT_CHOICE partner-all-applicants-character-psychiatric_institution_details-date_to_day :: Select:date_to_day | Select:date_to_month | Select:date_to_year
AUDIT_CHOICE partner-all-applicants-character-psychiatric_institution_details-date_to_year :: Select:date_to_day | Select:date_to_month | Select:date_to_year
AUDIT_CHOICE partner-all-applicants-character-psychiatric_institution_details-country :: Select:country
AUDIT_CHOICE partner-all-applicants-character-military_training_details-applicant_name :: Select:applicant_name
AUDIT_CHOICE partner-all-applicants-character-military_training_details-country_of_training :: Select:country_of_training
AUDIT_CHOICE partner-all-applicants-character-military_training_details-date_from_day :: Select:date_from_day | Select:date_from_month | Select:date_from_year
AUDIT_CHOICE partner-all-applicants-character-military_training_details-date_from_year :: Select:date_from_day | Select:date_from_month | Select:date_from_year
AUDIT_CHOICE partner-all-applicants-character-military_training_details-date_to_day :: Select:date_to_day | Select:date_to_month | Select:date_to_year
AUDIT_CHOICE partner-all-applicants-character-military_training_details-date_to_year :: Select:date_to_day | Select:date_to_month | Select:date_to_year
AUDIT_CHOICE partner-all-applicants-character-military_service_details-applicant_name :: Select:applicant_name
AUDIT_CHOICE partner-all-applicants-character-military_service_details-country_of_service :: Select:country_of_service
AUDIT_CHOICE partner-all-applicants-character-military_service_details-country_of_deployment :: Select:country_of_deployment
AUDIT_CHOICE partner-all-applicants-character-military_service_details-date_from_day :: Select:date_from_day | Select:date_from_month | Select:date_from_year
AUDIT_CHOICE partner-all-applicants-character-military_service_details-date_from_year :: Select:date_from_day | Select:date_from_month | Select:date_from_year
AUDIT_CHOICE partner-all-applicants-character-military_service_details-date_to_day :: Select:date_to_day | Select:date_to_month | Select:date_to_year
AUDIT_CHOICE partner-all-applicants-character-military_service_details-date_to_year :: Select:date_to_day | Select:date_to_month | Select:date_to_year
AUDIT_CHOICE partner-all-applicants-contacts-contacts_note :: Field:contacts_note
AUDIT_CHOICE partner-all-applicants-contacts-family_in_australia-family_name :: Field:family_name
AUDIT_CHOICE partner-all-applicants-contacts-family_in_australia-given_names :: Field:given_names
AUDIT_CHOICE partner-all-applicants-contacts-family_in_australia-nationality :: Select:nationality
AUDIT_CHOICE partner-all-applicants-contacts-family_in_australia-country_of_birth :: Select:country_of_birth
AUDIT_CHOICE partner-all-applicants-contacts-family_in_australia-suburb_of_birth :: Field:suburb_of_birth
AUDIT_CHOICE partner-all-applicants-contacts-family_in_australia-state_of_birth :: Field:state_of_birth
AUDIT_CHOICE partner-all-applicants-contacts-family_in_australia-email :: Field:email
AUDIT_CHOICE partner-all-applicants-contacts-family_in_australia-residential_country :: Field:residential_address | Field:residential_address_line2 | Field:residential_suburb | Field:residential_state | Field:residential_postcode | Select:residential_country
AUDIT_CHOICE partner-children-child-profile-other-other_names-document_issue_day :: Select:document_issue_day | Select:document_issue_month | Select:document_issue_year
AUDIT_CHOICE partner-children-child-profile-other-other_names-document_issue_year :: Select:document_issue_day | Select:document_issue_month | Select:document_issue_year
AUDIT_CHOICE partner-children-child-profile-identity-passports-passport_country :: Select:passport_country
AUDIT_CHOICE partner-children-child-profile-identity-passports-nationality :: Select:nationality
AUDIT_CHOICE partner-children-child-profile-identity-passports-date_issued_day :: Select:date_issued_day | Select:date_issued_month | Select:date_issued_year
AUDIT_CHOICE partner-children-child-profile-identity-passports-date_issued_year :: Select:date_issued_day | Select:date_issued_month | Select:date_issued_year
AUDIT_CHOICE partner-children-child-profile-identity-passports-original_date_day :: Select:original_date_day | Select:original_date_month | Select:original_date_year
AUDIT_CHOICE partner-children-child-profile-identity-passports-original_date_year :: Select:original_date_day | Select:original_date_month | Select:original_date_year
AUDIT_CHOICE partner-children-child-profile-identity-passports-date_expiry_day :: Select:date_expiry_day | Select:date_expiry_month | Select:date_expiry_year
AUDIT_CHOICE partner-children-child-profile-identity-passports-date_expiry_year :: Select:date_expiry_day | Select:date_expiry_month | Select:date_expiry_year
AUDIT_CHOICE partner-children-child-profile-identity-national_id_card-date_issued_day :: Select:date_issued_day | Select:date_issued_month | Select:date_issued_year
AUDIT_CHOICE partner-children-child-profile-identity-national_id_card-date_issued_year :: Select:date_issued_day | Select:date_issued_month | Select:date_issued_year
AUDIT_CHOICE partner-children-child-profile-identity-national_id_card-date_expiry_day :: Select:date_expiry_day | Select:date_expiry_month | Select:date_expiry_year
AUDIT_CHOICE partner-children-child-profile-identity-national_id_card-date_expiry_year :: Select:date_expiry_day | Select:date_expiry_month | Select:date_expiry_year
AUDIT_CHOICE partner-children-child-profile-custody-primary_custody_details :: RadioGroup:under_18
AUDIT_CHOICE partner-children-child-profile-custody-other_person_rights_details :: RadioGroup:under_18
AUDIT_CHOICE partner-children-child-profile-custody-travel_impediments_details :: RadioGroup:under_18
AUDIT_CHOICE protection-main-applicant-details-birth_day :: Select:birth_day
AUDIT_CHOICE protection-main-applicant-details-birth_year :: Select:birth_year
AUDIT_CHOICE protection-main-applicant-details-marital_status_date_day :: Select:marital_status_date_day
AUDIT_CHOICE protection-main-applicant-details-marital_status_date_year :: Select:marital_status_date_year
AUDIT_CHOICE protection-main-applicant-details-citizenships-date_obtained_day :: Select:date_obtained_day | Select:date_obtained_month | Select:date_obtained_year
AUDIT_CHOICE protection-main-applicant-details-citizenships-date_obtained_year :: Select:date_obtained_day | Select:date_obtained_month | Select:date_obtained_year
AUDIT_CHOICE protection-main-applicant-details-citizenships-date_ceased_day :: Select:date_ceased_day | Select:date_ceased_month | Select:date_ceased_year
AUDIT_CHOICE protection-main-applicant-details-citizenships-date_ceased_year :: Select:date_ceased_day | Select:date_ceased_month | Select:date_ceased_year
AUDIT_CHOICE protection-main-applicant-other-other_names-document_issue_day :: Select:document_issue_day | Select:document_issue_month | Select:document_issue_year
AUDIT_CHOICE protection-main-applicant-other-other_names-document_issue_year :: Select:document_issue_day | Select:document_issue_month | Select:document_issue_year
AUDIT_CHOICE protection-main-applicant-identity-citizenships-how_obtained :: Select:how_obtained
AUDIT_CHOICE protection-main-applicant-identity-citizenships-date_obtained_day :: Select:date_obtained_day | Select:date_obtained_month | Select:date_obtained_year
AUDIT_CHOICE protection-main-applicant-identity-citizenships-date_obtained_year :: Select:date_obtained_day | Select:date_obtained_month | Select:date_obtained_year
AUDIT_CHOICE protection-main-applicant-identity-citizenships-date_ceased_day :: Select:date_ceased_day | Select:date_ceased_month | Select:date_ceased_year
AUDIT_CHOICE protection-main-applicant-identity-citizenships-date_ceased_year :: Select:date_ceased_day | Select:date_ceased_month | Select:date_ceased_year
AUDIT_CHOICE protection-main-applicant-employment-current_country :: Select:current_country
AUDIT_CHOICE protection-main-applicant-employment-current_start_date_day :: Select:current_start_date_day | Select:current_start_date_month | Select:current_start_date_year
AUDIT_CHOICE protection-main-applicant-employment-current_start_date_year :: Select:current_start_date_day | Select:current_start_date_month | Select:current_start_date_year
AUDIT_CHOICE protection-main-applicant-employment-employment_history-date_from_day :: Select:date_from_day | Select:date_from_month | Select:date_from_year
AUDIT_CHOICE protection-main-applicant-employment-employment_history-date_from_year :: Select:date_from_day | Select:date_from_month | Select:date_from_year
AUDIT_CHOICE protection-main-applicant-employment-employment_history-date_to_day :: Select:date_to_day | Select:date_to_month | Select:date_to_year
AUDIT_CHOICE protection-main-applicant-employment-employment_history-date_to_year :: Select:date_to_day | Select:date_to_month | Select:date_to_year
AUDIT_CHOICE protection-main-applicant-employment-employment_history-country :: Select:country
AUDIT_CHOICE protection-main-applicant-education-education_history-country :: Select:country
AUDIT_CHOICE protection-main-applicant-education-education_history-date_from_day :: Select:date_from_day | Select:date_from_month | Select:date_from_year
AUDIT_CHOICE protection-main-applicant-education-education_history-date_from_year :: Select:date_from_day | Select:date_from_month | Select:date_from_year
AUDIT_CHOICE protection-main-applicant-education-education_history-date_to_day :: Select:date_to_day | Select:date_to_month | Select:date_to_year
AUDIT_CHOICE protection-main-applicant-education-education_history-date_to_year :: Select:date_to_day | Select:date_to_month | Select:date_to_year
AUDIT_CHOICE protection-main-applicant-family-family_members-birth_day :: Select:birth_day | Select:birth_month | Select:birth_year
AUDIT_CHOICE protection-main-applicant-family-family_members-birth_year :: Select:birth_day | Select:birth_month | Select:birth_year
AUDIT_CHOICE protection-spouse-partner-other-details-other_names-document_issue_day :: Select:document_issue_day | Select:document_issue_month | Select:document_issue_year
AUDIT_CHOICE protection-spouse-partner-other-details-other_names-document_issue_year :: Select:document_issue_day | Select:document_issue_month | Select:document_issue_year
AUDIT_CHOICE protection-spouse-partner-identity-citizenships-how_obtained :: Select:how_obtained
AUDIT_CHOICE protection-spouse-partner-identity-citizenships-date_obtained_day :: Select:date_obtained_day | Select:date_obtained_month | Select:date_obtained_year
AUDIT_CHOICE protection-spouse-partner-identity-citizenships-date_obtained_year :: Select:date_obtained_day | Select:date_obtained_month | Select:date_obtained_year
AUDIT_CHOICE protection-spouse-partner-identity-citizenships-date_ceased_day :: Select:date_ceased_day | Select:date_ceased_month | Select:date_ceased_year
AUDIT_CHOICE protection-spouse-partner-identity-citizenships-date_ceased_year :: Select:date_ceased_day | Select:date_ceased_month | Select:date_ceased_year
AUDIT_CHOICE protection-spouse-partner-identity-previous_citizenships-how_obtained :: Select:how_obtained
AUDIT_CHOICE protection-spouse-partner-identity-previous_citizenships-date_obtained_day :: Select:date_obtained_day | Select:date_obtained_month | Select:date_obtained_year
AUDIT_CHOICE protection-spouse-partner-identity-previous_citizenships-date_obtained_year :: Select:date_obtained_day | Select:date_obtained_month | Select:date_obtained_year
AUDIT_CHOICE protection-spouse-partner-identity-previous_citizenships-date_ceased_day :: Select:date_ceased_day | Select:date_ceased_month | Select:date_ceased_year
AUDIT_CHOICE protection-spouse-partner-identity-previous_citizenships-date_ceased_year :: Select:date_ceased_day | Select:date_ceased_month | Select:date_ceased_year
AUDIT_CHOICE protection-spouse-partner-identity-permanent_residencies-country :: Select:country
AUDIT_CHOICE protection-employment-business_name :: RadioGroup:is_sponsored
AUDIT_CHOICE protection-employment-trading_name :: RadioGroup:is_sponsored
AUDIT_CHOICE protection-employment-abn :: RadioGroup:is_sponsored
AUDIT_CHOICE protection-employment-industry_sector :: RadioGroup:is_sponsored
AUDIT_CHOICE protection-employment-business_description :: RadioGroup:is_sponsored
AUDIT_CHOICE protection-employment-contact_prefix :: RadioGroup:is_sponsored
AUDIT_CHOICE protection-employment-contact_first_name :: RadioGroup:is_sponsored
AUDIT_CHOICE protection-employment-contact_family_name :: RadioGroup:is_sponsored
AUDIT_CHOICE protection-employment-contact_position :: RadioGroup:is_sponsored
AUDIT_CHOICE protection-employment-contact_phone_country_code :: RadioGroup:is_sponsored
AUDIT_CHOICE protection-employment-contact_phone_area_code :: RadioGroup:is_sponsored
AUDIT_CHOICE protection-employment-contact_phone_number :: RadioGroup:is_sponsored
AUDIT_CHOICE protection-employment-contact_mobile_country_code :: RadioGroup:is_sponsored
AUDIT_CHOICE protection-employment-contact_mobile_number :: RadioGroup:is_sponsored
AUDIT_CHOICE protection-employment-contact_email :: RadioGroup:is_sponsored
AUDIT_CHOICE protection-employment-after_hours_phone_country_code :: RadioGroup:is_sponsored
AUDIT_CHOICE protection-employment-after_hours_phone_area_code :: RadioGroup:is_sponsored
AUDIT_CHOICE protection-employment-after_hours_phone_number :: RadioGroup:is_sponsored
AUDIT_CHOICE protection-employment-office_hours_phone_country_code :: RadioGroup:is_sponsored
AUDIT_CHOICE protection-employment-office_hours_phone_area_code :: RadioGroup:is_sponsored
AUDIT_CHOICE protection-employment-office_hours_phone_number :: RadioGroup:is_sponsored
AUDIT_CHOICE protection-employment-business_email :: RadioGroup:is_sponsored
AUDIT_CHOICE protection-employment-commercial_address_line1 :: RadioGroup:is_sponsored
AUDIT_CHOICE protection-employment-commercial_address_line2 :: RadioGroup:is_sponsored
AUDIT_CHOICE protection-employment-commercial_suburb :: RadioGroup:is_sponsored
AUDIT_CHOICE protection-employment-commercial_state :: RadioGroup:is_sponsored
AUDIT_CHOICE protection-employment-commercial_postcode :: RadioGroup:is_sponsored
AUDIT_CHOICE protection-employment-commercial_country :: RadioGroup:is_sponsored
AUDIT_CHOICE protection-employment-commercial_address_type :: RadioGroup:is_sponsored
AUDIT_CHOICE protection-employment-postal_address_line1 :: RadioGroup:is_sponsored
AUDIT_CHOICE protection-employment-postal_address_line2 :: RadioGroup:is_sponsored
AUDIT_CHOICE protection-employment-postal_suburb :: RadioGroup:is_sponsored
AUDIT_CHOICE protection-employment-postal_state :: RadioGroup:is_sponsored
AUDIT_CHOICE protection-employment-postal_postcode :: RadioGroup:is_sponsored
AUDIT_CHOICE protection-employment-postal_country :: RadioGroup:is_sponsored
AUDIT_CHOICE protection-all-applicants-addresses-main_applicant_addresses-country :: Select:country
AUDIT_CHOICE protection-all-applicants-addresses-main_applicant_addresses-date_from_day :: Select:date_from_day | Select:date_from_month | Select:date_from_year
AUDIT_CHOICE protection-all-applicants-addresses-main_applicant_addresses-date_from_year :: Select:date_from_day | Select:date_from_month | Select:date_from_year
AUDIT_CHOICE protection-all-applicants-addresses-main_applicant_addresses-date_to_day :: Select:date_to_day | Select:date_to_month | Select:date_to_year
AUDIT_CHOICE protection-all-applicants-addresses-main_applicant_addresses-date_to_year :: Select:date_to_day | Select:date_to_month | Select:date_to_year
AUDIT_CHOICE protection-all-applicants-contact-details-postal_country :: Select:postal_country
AUDIT_CHOICE protection-all-applicants-visas-main_applicant_visas-visa_country :: Select:visa_country
AUDIT_CHOICE protection-all-applicants-visas-main_applicant_visas-application_date_day :: Select:application_date_day | Select:application_date_month | Select:application_date_year
AUDIT_CHOICE protection-all-applicants-visas-main_applicant_visas-application_date_year :: Select:application_date_day | Select:application_date_month | Select:application_date_year
AUDIT_CHOICE protection-all-applicants-visas-main_applicant_visas-date_granted_day :: Select:date_granted_day | Select:date_granted_month | Select:date_granted_year
AUDIT_CHOICE protection-all-applicants-visas-main_applicant_visas-date_granted_year :: Select:date_granted_day | Select:date_granted_month | Select:date_granted_year
AUDIT_CHOICE protection-all-applicants-visas-main_applicant_visas-expiry_date_day :: Select:expiry_date_day | Select:expiry_date_month | Select:expiry_date_year
AUDIT_CHOICE protection-all-applicants-visas-main_applicant_visas-expiry_date_year :: Select:expiry_date_day | Select:expiry_date_month | Select:expiry_date_year
AUDIT_CHOICE protection-all-applicants-visas-main_applicant_visas-cancellation_decision_date_day :: Select:cancellation_decision_date_day | Select:cancellation_decision_date_month | Select:cancellation_decision_date_year
AUDIT_CHOICE protection-all-applicants-visas-main_applicant_visas-cancellation_decision_date_year :: Select:cancellation_decision_date_day | Select:cancellation_decision_date_month | Select:cancellation_decision_date_year
AUDIT_CHOICE protection-all-applicants-visas-main_applicant_visas-decision_date_day :: Select:decision_date_day | Select:decision_date_month | Select:decision_date_year
AUDIT_CHOICE protection-all-applicants-visas-main_applicant_visas-decision_date_year :: Select:decision_date_day | Select:decision_date_month | Select:decision_date_year
AUDIT_CHOICE protection-all-applicants-travel-history-main_applicant_travel_history-country :: Select:country
AUDIT_CHOICE protection-all-applicants-travel-history-main_applicant_travel_history-arrival_date_day :: Select:arrival_date_day | Select:arrival_date_month | Select:arrival_date_year
AUDIT_CHOICE protection-all-applicants-travel-history-main_applicant_travel_history-arrival_date_year :: Select:arrival_date_day | Select:arrival_date_month | Select:arrival_date_year
AUDIT_CHOICE protection-all-applicants-travel-history-main_applicant_travel_history-intended_departure_date_day :: Select:country | RadioGroup:is_current_location | Select:reason_for_being | Select:legal_status | Select:arrival_date_day | Select:arrival_date_month | Select:arrival_date_year | Select:intended_departure_date_day | Select:intended_departure_date_month | Select:intended_departure_date_year
AUDIT_CHOICE protection-all-applicants-travel-history-main_applicant_travel_history-intended_departure_date_year :: Select:country | RadioGroup:is_current_location | Select:reason_for_being | Select:legal_status | Select:arrival_date_day | Select:arrival_date_month | Select:arrival_date_year | Select:intended_departure_date_day | Select:intended_departure_date_month | Select:intended_departure_date_year
AUDIT_CHOICE protection-all-applicants-future-travel-main_applicant_future_travel-travel_start_date_day :: Select:travel_start_date_day | Select:travel_start_date_month | Select:travel_start_date_year
AUDIT_CHOICE protection-all-applicants-future-travel-main_applicant_future_travel-travel_start_date_year :: Select:travel_start_date_day | Select:travel_start_date_month | Select:travel_start_date_year
AUDIT_CHOICE protection-all-applicants-future-travel-main_applicant_future_travel-departure_country :: Select:departure_country
AUDIT_CHOICE protection-all-applicants-future-travel-main_applicant_future_travel-intended_arrival_date_day :: Select:intended_arrival_date_day | Select:intended_arrival_date_month | Select:intended_arrival_date_year
AUDIT_CHOICE protection-all-applicants-future-travel-main_applicant_future_travel-intended_arrival_date_year :: Select:intended_arrival_date_day | Select:intended_arrival_date_month | Select:intended_arrival_date_year
AUDIT_CHOICE protection-all-applicants-future-travel-main_applicant_future_travel-arrival_country :: Select:arrival_country
AUDIT_CHOICE protection-all-applicants-future-addresses-main_applicant_future_addresses-date_from_day :: Select:date_from_day | Select:date_from_month | Select:date_from_year
AUDIT_CHOICE protection-all-applicants-future-addresses-main_applicant_future_addresses-date_from_year :: Select:date_from_day | Select:date_from_month | Select:date_from_year
AUDIT_CHOICE protection-all-applicants-character-criminal_conduct_details-applicant_name :: Select:applicant_name | Select:country
AUDIT_CHOICE protection-all-applicants-character-criminal_conduct_details-country :: Select:applicant_name | Select:country
AUDIT_CHOICE protection-all-applicants-character-violent_org_details-applicant_name :: Select:applicant_name | Select:country
AUDIT_CHOICE protection-all-applicants-character-violent_org_details-country :: Select:applicant_name | Select:country
AUDIT_CHOICE protection-all-applicants-character-national_security_details-applicant_name :: Select:applicant_name | Select:country
AUDIT_CHOICE protection-all-applicants-character-national_security_details-country :: Select:applicant_name | Select:country
AUDIT_CHOICE protection-all-applicants-character-outstanding_debts_details-applicant_name :: Select:applicant_name | Select:country
AUDIT_CHOICE protection-all-applicants-character-outstanding_debts_details-country :: Select:applicant_name | Select:country
AUDIT_CHOICE protection-all-applicants-character-convicted_offence_details-applicant_name :: Select:applicant_name | Select:country
AUDIT_CHOICE protection-all-applicants-character-convicted_offence_details-country :: Select:applicant_name | Select:country
AUDIT_CHOICE protection-all-applicants-character-convicted_offence_details-offence_type :: Select:applicant_name | Select:country
AUDIT_CHOICE protection-all-applicants-character-awaiting_legal_action_details-applicant_name :: Select:applicant_name | Select:country
AUDIT_CHOICE protection-all-applicants-character-awaiting_legal_action_details-country :: Select:applicant_name | Select:country
AUDIT_CHOICE protection-all-applicants-character-awaiting_legal_action_details-offence_type :: Select:applicant_name | Select:country
AUDIT_CHOICE protection-all-applicants-character-false_misleading_info_details-applicant_name :: Select:applicant_name
AUDIT_CHOICE protection-all-applicants-character-sponsorship_payment_details-applicant_name :: Select:applicant_name
AUDIT_CHOICE protection-all-applicants-contacts-main_applicant_contacts-nationality :: Select:nationality
AUDIT_CHOICE protection-all-applicants-contacts-main_applicant_contacts-birth_day :: Select:birth_day | Select:birth_month | Select:birth_year
AUDIT_CHOICE protection-all-applicants-contacts-main_applicant_contacts-birth_year :: Select:birth_day | Select:birth_month | Select:birth_year
AUDIT_CHOICE protection-all-applicants-contacts-main_applicant_contacts-country_of_birth :: Select:country_of_birth
AUDIT_CHOICE protection-all-applicants-contacts-main_applicant_contacts-country :: Select:country
AUDIT_CHOICE protection-children-child-profile-other-other_names-document_issue_day :: Select:document_issue_day | Select:document_issue_month | Select:document_issue_year
AUDIT_CHOICE protection-children-child-profile-other-other_names-document_issue_year :: Select:document_issue_day | Select:document_issue_month | Select:document_issue_year
AUDIT_CHOICE protection-children-child-profile-identity-passports-passport_country :: Select:passport_country
AUDIT_CHOICE protection-children-child-profile-identity-passports-nationality :: Select:nationality
AUDIT_CHOICE protection-children-child-profile-identity-passports-date_issued_day :: Select:date_issued_day | Select:date_issued_month | Select:date_issued_year
AUDIT_CHOICE protection-children-child-profile-identity-passports-date_issued_year :: Select:date_issued_day | Select:date_issued_month | Select:date_issued_year
AUDIT_CHOICE protection-children-child-profile-identity-passports-original_date_day :: Select:original_date_day | Select:original_date_month | Select:original_date_year
AUDIT_CHOICE protection-children-child-profile-identity-passports-original_date_year :: Select:original_date_day | Select:original_date_month | Select:original_date_year
AUDIT_CHOICE protection-children-child-profile-identity-passports-date_expiry_day :: Select:date_expiry_day | Select:date_expiry_month | Select:date_expiry_year
AUDIT_CHOICE protection-children-child-profile-identity-passports-date_expiry_year :: Select:date_expiry_day | Select:date_expiry_month | Select:date_expiry_year
AUDIT_CHOICE protection-children-child-profile-identity-national_id_card-date_issued_day :: Select:date_issued_day | Select:date_issued_month | Select:date_issued_year
AUDIT_CHOICE protection-children-child-profile-identity-national_id_card-date_issued_year :: Select:date_issued_day | Select:date_issued_month | Select:date_issued_year
AUDIT_CHOICE protection-children-child-profile-identity-national_id_card-date_expiry_day :: Select:date_expiry_day | Select:date_expiry_month | Select:date_expiry_year
AUDIT_CHOICE protection-children-child-profile-identity-national_id_card-date_expiry_year :: Select:date_expiry_day | Select:date_expiry_month | Select:date_expiry_year
AUDIT_CHOICE protection-children-child-profile-custody-primary_custody_details :: RadioGroup:under_18
AUDIT_CHOICE protection-children-child-profile-custody-other_person_rights_details :: RadioGroup:under_18
AUDIT_CHOICE protection-children-child-profile-custody-travel_impediments_details :: RadioGroup:under_18
