MISSING_SELECT F:\Work Projects\plylegal-client-portal\app\intake\temporary-work\main-applicant\details\page.js temporary-work-main-applicant-details-birth_day
MISSING_SELECT F:\Work Projects\plylegal-client-portal\app\intake\temporary-work\main-applicant\details\page.js temporary-work-main-applicant-details-birth_year
MISSING_SELECT F:\Work Projects\plylegal-client-portal\app\intake\temporary-work\main-applicant\details\page.js temporary-work-main-applicant-details-marital_status_date_day
MISSING_SELECT F:\Work Projects\plylegal-client-portal\app\intake\temporary-work\main-applicant\details\page.js temporary-work-main-applicant-details-marital_status_date_year
MISSING_SELECT F:\Work Projects\plylegal-client-portal\src\components\intake\temporary-work\CitizenshipDialog.jsx temporary-work-main-applicant-details-citizenships-date_obtained_day
MISSING_SELECT F:\Work Projects\plylegal-client-portal\src\components\intake\temporary-work\CitizenshipDialog.jsx temporary-work-main-applicant-details-citizenships-date_obtained_year
MISSING_SELECT F:\Work Projects\plylegal-client-portal\src\components\intake\temporary-work\CitizenshipDialog.jsx temporary-work-main-applicant-details-citizenships-date_ceased_day
MISSING_SELECT F:\Work Projects\plylegal-client-portal\src\components\intake\temporary-work\CitizenshipDialog.jsx temporary-work-main-applicant-details-citizenships-date_ceased_year
MISSING_SELECT F:\Work Projects\plylegal-client-portal\app\intake\temporary-work\main-applicant\other\page.js temporary-work-main-applicant-other-other_names-document_issue_day
MISSING_SELECT F:\Work Projects\plylegal-client-portal\app\intake\temporary-work\main-applicant\other\page.js temporary-work-main-applicant-other-other_names-document_issue_year
MISSING_SELECT F:\Work Projects\plylegal-client-portal\src\components\intake\target-visas\TargetCitizenshipDialog.jsx temporary-work-main-applicant-identity-citizenships-how_obtained
MISSING_SELECT F:\Work Projects\plylegal-client-portal\src\components\intake\target-visas\TargetCitizenshipDialog.jsx temporary-work-main-applicant-identity-citizenships-date_obtained_day
MISSING_SELECT F:\Work Projects\plylegal-client-portal\src\components\intake\target-visas\TargetCitizenshipDialog.jsx temporary-work-main-applicant-identity-citizenships-date_obtained_year
MISSING_SELECT F:\Work Projects\plylegal-client-portal\src\components\intake\target-visas\TargetCitizenshipDialog.jsx temporary-work-main-applicant-identity-citizenships-date_ceased_day
MISSING_SELECT F:\Work Projects\plylegal-client-portal\src\components\intake\target-visas\TargetCitizenshipDialog.jsx temporary-work-main-applicant-identity-citizenships-date_ceased_year
MISSING_SELECT F:\Work Projects\plylegal-client-portal\app\intake\temporary-work\main-applicant\employment\page.js temporary-work-main-applicant-employment-current_country
MISSING_SELECT F:\Work Projects\plylegal-client-portal\app\intake\temporary-work\main-applicant\employment\page.js temporary-work-main-applicant-employment-current_start_date_day
MISSING_SELECT F:\Work Projects\plylegal-client-portal\app\intake\temporary-work\main-applicant\employment\page.js temporary-work-main-applicant-employment-current_start_date_year
MISSING_SELECT F:\Work Projects\plylegal-client-portal\app\intake\temporary-work\main-applicant\employment\page.js temporary-work-main-applicant-employment-employment_history-date_from_day
MISSING_SELECT F:\Work Projects\plylegal-client-portal\app\intake\temporary-work\main-applicant\employment\page.js temporary-work-main-applicant-employment-employment_history-date_from_year
MISSING_SELECT F:\Work Projects\plylegal-client-portal\app\intake\temporary-work\main-applicant\employment\page.js temporary-work-main-applicant-employment-employment_history-date_to_day
MISSING_SELECT F:\Work Projects\plylegal-client-portal\app\intake\temporary-work\main-applicant\employment\page.js temporary-work-main-applicant-employment-employment_history-date_to_year
MISSING_SELECT F:\Work Projects\plylegal-client-portal\app\intake\temporary-work\main-applicant\employment\page.js temporary-work-main-applicant-employment-employment_history-country
MISSING_SELECT F:\Work Projects\plylegal-client-portal\app\intake\temporary-work\main-applicant\education\page.js temporary-work-main-applicant-education-education_history-date_from_day
MISSING_SELECT F:\Work Projects\plylegal-client-portal\app\intake\temporary-work\main-applicant\education\page.js temporary-work-main-applicant-education-education_history-date_from_year
MISSING_SELECT F:\Work Projects\plylegal-client-portal\app\intake\temporary-work\main-applicant\education\page.js temporary-work-main-applicant-education-education_history-date_to_day
MISSING_SELECT F:\Work Projects\plylegal-client-portal\app\intake\temporary-work\main-applicant\education\page.js temporary-work-main-applicant-education-education_history-date_to_year
MISSING_SELECT F:\Work Projects\plylegal-client-portal\app\intake\temporary-work\main-applicant\education\page.js temporary-work-main-applicant-education-education_history-country
MISSING_SELECT F:\Work Projects\plylegal-client-portal\app\intake\temporary-work\main-applicant\skills\page.js temporary-work-main-applicant-skills-registrations-country
MISSING_SELECT F:\Work Projects\plylegal-client-portal\app\intake\temporary-work\main-applicant\skills\page.js temporary-work-main-applicant-skills-registrations-issue_date_day
MISSING_SELECT F:\Work Projects\plylegal-client-portal\app\intake\temporary-work\main-applicant\skills\page.js temporary-work-main-applicant-skills-registrations-issue_date_year
MISSING_SELECT F:\Work Projects\plylegal-client-portal\app\intake\temporary-work\main-applicant\skills\page.js temporary-work-main-applicant-skills-registrations-expiry_date_day
MISSING_SELECT F:\Work Projects\plylegal-client-portal\app\intake\temporary-work\main-applicant\skills\page.js temporary-work-main-applicant-skills-registrations-expiry_date_year
MISSING_SELECT F:\Work Projects\plylegal-client-portal\app\intake\temporary-work\main-applicant\skills\page.js temporary-work-main-applicant-skills-assessments-lodgement_date_day
MISSING_SELECT F:\Work Projects\plylegal-client-portal\app\intake\temporary-work\main-applicant\skills\page.js temporary-work-main-applicant-skills-assessments-lodgement_date_year
MISSING_SELECT F:\Work Projects\plylegal-client-portal\app\intake\temporary-work\main-applicant\skills\page.js temporary-work-main-applicant-skills-assessments-outcome_date_day
MISSING_SELECT F:\Work Projects\plylegal-client-portal\app\intake\temporary-work\main-applicant\skills\page.js temporary-work-main-applicant-skills-assessments-outcome_date_year
MISSING_SELECT F:\Work Projects\plylegal-client-portal\app\intake\temporary-work\main-applicant\language\page.js temporary-work-main-applicant-language-english_tests-date_day
MISSING_SELECT F:\Work Projects\plylegal-client-portal\app\intake\temporary-work\main-applicant\language\page.js temporary-work-main-applicant-language-english_tests-date_year
MISSING_SELECT F:\Work Projects\plylegal-client-portal\src\components\intake\temporary-work\CitizenshipDialog.jsx temporary-work-spouse-partner-details-citizenships-date_obtained_day
MISSING_SELECT F:\Work Projects\plylegal-client-portal\src\components\intake\temporary-work\CitizenshipDialog.jsx temporary-work-spouse-partner-details-citizenships-date_obtained_year
MISSING_SELECT F:\Work Projects\plylegal-client-portal\src\components\intake\temporary-work\CitizenshipDialog.jsx temporary-work-spouse-partner-details-citizenships-date_ceased_day
MISSING_SELECT F:\Work Projects\plylegal-client-portal\src\components\intake\temporary-work\CitizenshipDialog.jsx temporary-work-spouse-partner-details-citizenships-date_ceased_year
MISSING_SELECT F:\Work Projects\plylegal-client-portal\app\intake\temporary-work\spouse-partner\identity\page.js temporary-work-spouse-partner-identity-passports-passport_country
MISSING_SELECT F:\Work Projects\plylegal-client-portal\app\intake\temporary-work\spouse-partner\identity\page.js temporary-work-spouse-partner-identity-passports-nationality
MISSING_SELECT F:\Work Projects\plylegal-client-portal\app\intake\temporary-work\spouse-partner\identity\page.js temporary-work-spouse-partner-identity-passports-date_issued_day
MISSING_SELECT F:\Work Projects\plylegal-client-portal\app\intake\temporary-work\spouse-partner\identity\page.js temporary-work-spouse-partner-identity-passports-date_issued_year
MISSING_SELECT F:\Work Projects\plylegal-client-portal\app\intake\temporary-work\spouse-partner\identity\page.js temporary-work-spouse-partner-identity-passports-original_date_day
MISSING_SELECT F:\Work Projects\plylegal-client-portal\app\intake\temporary-work\spouse-partner\identity\page.js temporary-work-spouse-partner-identity-passports-original_date_year
MISSING_SELECT F:\Work Projects\plylegal-client-portal\app\intake\temporary-work\spouse-partner\identity\page.js temporary-work-spouse-partner-identity-passports-date_expiry_day
MISSING_SELECT F:\Work Projects\plylegal-client-portal\app\intake\temporary-work\spouse-partner\identity\page.js temporary-work-spouse-partner-identity-passports-date_expiry_year
MISSING_SELECT F:\Work Projects\plylegal-client-portal\app\intake\temporary-work\spouse-partner\identity\page.js temporary-work-spouse-partner-identity-national_id_card-date_issued_day
MISSING_SELECT F:\Work Projects\plylegal-client-portal\app\intake\temporary-work\spouse-partner\identity\page.js temporary-work-spouse-partner-identity-national_id_card-date_issued_year
MISSING_SELECT F:\Work Projects\plylegal-client-portal\app\intake\temporary-work\spouse-partner\identity\page.js temporary-work-spouse-partner-identity-national_id_card-date_expiry_day
MISSING_SELECT F:\Work Projects\plylegal-client-portal\app\intake\temporary-work\spouse-partner\identity\page.js temporary-work-spouse-partner-identity-national_id_card-date_expiry_year
MISSING_SELECT F:\Work Projects\plylegal-client-portal\app\intake\temporary-work\all-applicants\travel-history\page.js temporary-work-all-applicants-travel-history-travel_history-country
MISSING_SELECT F:\Work Projects\plylegal-client-portal\app\intake\temporary-work\all-applicants\travel-history\page.js temporary-work-all-applicants-travel-history-travel_history-date_arrived_day
MISSING_SELECT F:\Work Projects\plylegal-client-portal\app\intake\temporary-work\all-applicants\travel-history\page.js temporary-work-all-applicants-travel-history-travel_history-date_arrived_year
MISSING_SELECT F:\Work Projects\plylegal-client-portal\app\intake\temporary-work\all-applicants\travel-history\page.js temporary-work-all-applicants-travel-history-travel_history-departure_day
MISSING_SELECT F:\Work Projects\plylegal-client-portal\app\intake\temporary-work\all-applicants\travel-history\page.js temporary-work-all-applicants-travel-history-travel_history-departure_year
MISSING_SELECT F:\Work Projects\plylegal-client-portal\app\intake\temporary-work\all-applicants\countries-of-residence\page.js temporary-work-all-applicants-countries-of-residence-residence_records-date_from_day
MISSING_SELECT F:\Work Projects\plylegal-client-portal\app\intake\temporary-work\all-applicants\countries-of-residence\page.js temporary-work-all-applicants-countries-of-residence-residence_records-date_from_year
MISSING_SELECT F:\Work Projects\plylegal-client-portal\app\intake\temporary-work\all-applicants\countries-of-residence\page.js temporary-work-all-applicants-countries-of-residence-residence_records-date_to_day
MISSING_SELECT F:\Work Projects\plylegal-client-portal\app\intake\temporary-work\all-applicants\countries-of-residence\page.js temporary-work-all-applicants-countries-of-residence-residence_records-date_to_year
MISSING_SELECT F:\Work Projects\plylegal-client-portal\app\intake\temporary-work\all-applicants\countries-of-residence\page.js temporary-work-all-applicants-countries-of-residence-residence_records-country
MISSING_SELECT F:\Work Projects\plylegal-client-portal\app\intake\temporary-work\all-applicants\health\page.js temporary-work-all-applicants-health-health_examinations-applicant_name
MISSING_SELECT F:\Work Projects\plylegal-client-portal\app\intake\temporary-work\all-applicants\health\page.js temporary-work-all-applicants-health-health_examinations-date_completed_day
MISSING_SELECT F:\Work Projects\plylegal-client-portal\app\intake\temporary-work\all-applicants\health\page.js temporary-work-all-applicants-health-health_examinations-date_completed_year
MISSING_SELECT F:\Work Projects\plylegal-client-portal\app\intake\temporary-work\all-applicants\health\page.js temporary-work-all-applicants-health-health_examinations-country_of_exam
MISSING_SELECT F:\Work Projects\plylegal-client-portal\app\intake\temporary-work\all-applicants\health\page.js temporary-work-all-applicants-health-visited_outside_details-applicant_name
MISSING_SELECT F:\Work Projects\plylegal-client-portal\app\intake\temporary-work\all-applicants\health\page.js temporary-work-all-applicants-health-visited_outside_details-country
MISSING_SELECT F:\Work Projects\plylegal-client-portal\app\intake\temporary-work\all-applicants\health\page.js temporary-work-all-applicants-health-visited_outside_details-date_from_day
MISSING_SELECT F:\Work Projects\plylegal-client-portal\app\intake\temporary-work\all-applicants\health\page.js temporary-work-all-applicants-health-visited_outside_details-date_from_year
MISSING_SELECT F:\Work Projects\plylegal-client-portal\app\intake\temporary-work\all-applicants\health\page.js temporary-work-all-applicants-health-visited_outside_details-date_to_day
MISSING_SELECT F:\Work Projects\plylegal-client-portal\app\intake\temporary-work\all-applicants\health\page.js temporary-work-all-applicants-health-visited_outside_details-date_to_year
MISSING_SELECT F:\Work Projects\plylegal-client-portal\app\intake\temporary-work\all-applicants\health\page.js temporary-work-all-applicants-health-hospital_details-applicant_name
MISSING_SELECT F:\Work Projects\plylegal-client-portal\app\intake\temporary-work\all-applicants\health\page.js temporary-work-all-applicants-health-healthcare_work_details-applicant_name
MISSING_SELECT F:\Work Projects\plylegal-client-portal\app\intake\temporary-work\all-applicants\health\page.js temporary-work-all-applicants-health-aged_care_work_details-applicant_name
MISSING_SELECT F:\Work Projects\plylegal-client-portal\app\intake\temporary-work\all-applicants\health\page.js temporary-work-all-applicants-health-childcare_work_details-applicant_name
MISSING_SELECT F:\Work Projects\plylegal-client-portal\app\intake\temporary-work\all-applicants\health\page.js temporary-work-all-applicants-health-classroom_work_details-applicant_name
MISSING_SELECT F:\Work Projects\plylegal-client-portal\app\intake\temporary-work\all-applicants\health\page.js temporary-work-all-applicants-health-tuberculosis_details-applicant_name
MISSING_SELECT F:\Work Projects\plylegal-client-portal\app\intake\temporary-work\all-applicants\health\page.js temporary-work-all-applicants-health-health_conditions_details-applicant_name
MISSING_SELECT F:\Work Projects\plylegal-client-portal\app\intake\temporary-work\all-applicants\health\page.js temporary-work-all-applicants-health-medical_assistance_details-applicant_name
No questions: /intake/temporary-work/all-applicants/character
MISSING_SELECT F:\Work Projects\plylegal-client-portal\app\intake\temporary-work\spouse-partner\education\page.js temporary-work-spouse-partner-education-education_history-date_from_day
MISSING_SELECT F:\Work Projects\plylegal-client-portal\app\intake\temporary-work\spouse-partner\education\page.js temporary-work-spouse-partner-education-education_history-date_from_year
MISSING_SELECT F:\Work Projects\plylegal-client-portal\app\intake\temporary-work\spouse-partner\education\page.js temporary-work-spouse-partner-education-education_history-date_to_day
MISSING_SELECT F:\Work Projects\plylegal-client-portal\app\intake\temporary-work\spouse-partner\education\page.js temporary-work-spouse-partner-education-education_history-date_to_year
MISSING_SELECT F:\Work Projects\plylegal-client-portal\app\intake\temporary-work\spouse-partner\education\page.js temporary-work-spouse-partner-education-education_history-country
MISSING_SELECT F:\Work Projects\plylegal-client-portal\app\intake\temporary-work\spouse-partner\language\page.js temporary-work-spouse-partner-language-english_tests-date_day
MISSING_SELECT F:\Work Projects\plylegal-client-portal\app\intake\temporary-work\spouse-partner\language\page.js temporary-work-spouse-partner-language-english_tests-date_year
MISSING_SELECT F:\Work Projects\plylegal-client-portal\app\intake\temporary-work\spouse-partner\other-details\page.js temporary-work-spouse-partner-other-details-other_names-document_issue_day
MISSING_SELECT F:\Work Projects\plylegal-client-portal\app\intake\temporary-work\spouse-partner\other-details\page.js temporary-work-spouse-partner-other-details-other_names-document_issue_year
MISSING_SELECT F:\Work Projects\plylegal-client-portal\app\intake\temporary-work\children\[childId]\details\page.js temporary-work-children-child-profile-details-birth_day
MISSING_SELECT F:\Work Projects\plylegal-client-portal\app\intake\temporary-work\children\[childId]\details\page.js temporary-work-children-child-profile-details-birth_year
MISSING_SELECT F:\Work Projects\plylegal-client-portal\app\intake\temporary-work\children\[childId]\details\page.js temporary-work-children-child-profile-details-marital_status_date_day
MISSING_SELECT F:\Work Projects\plylegal-client-portal\app\intake\temporary-work\children\[childId]\details\page.js temporary-work-children-child-profile-details-marital_status_date_year
MISSING_SELECT F:\Work Projects\plylegal-client-portal\src\components\intake\temporary-work\CitizenshipDialog.jsx temporary-work-children-child-profile-details-citizenships-date_obtained_day
MISSING_SELECT F:\Work Projects\plylegal-client-portal\src\components\intake\temporary-work\CitizenshipDialog.jsx temporary-work-children-child-profile-details-citizenships-date_obtained_year
MISSING_SELECT F:\Work Projects\plylegal-client-portal\src\components\intake\temporary-work\CitizenshipDialog.jsx temporary-work-children-child-profile-details-citizenships-date_ceased_day
MISSING_SELECT F:\Work Projects\plylegal-client-portal\src\components\intake\temporary-work\CitizenshipDialog.jsx temporary-work-children-child-profile-details-citizenships-date_ceased_year
MISSING_SELECT F:\Work Projects\plylegal-client-portal\app\intake\temporary-work\children\[childId]\other\page.js temporary-work-children-child-profile-other-other_names-document_issue_day
MISSING_SELECT F:\Work Projects\plylegal-client-portal\app\intake\temporary-work\children\[childId]\other\page.js temporary-work-children-child-profile-other-other_names-document_issue_year
MISSING_SELECT F:\Work Projects\plylegal-client-portal\app\intake\temporary-work\children\[childId]\identity\page.js temporary-work-children-child-profile-identity-passports-passport_country
MISSING_SELECT F:\Work Projects\plylegal-client-portal\app\intake\temporary-work\children\[childId]\identity\page.js temporary-work-children-child-profile-identity-passports-nationality
MISSING_SELECT F:\Work Projects\plylegal-client-portal\app\intake\temporary-work\children\[childId]\identity\page.js temporary-work-children-child-profile-identity-passports-date_issued_day
MISSING_SELECT F:\Work Projects\plylegal-client-portal\app\intake\temporary-work\children\[childId]\identity\page.js temporary-work-children-child-profile-identity-passports-date_issued_year
MISSING_SELECT F:\Work Projects\plylegal-client-portal\app\intake\temporary-work\children\[childId]\identity\page.js temporary-work-children-child-profile-identity-passports-original_date_day
MISSING_SELECT F:\Work Projects\plylegal-client-portal\app\intake\temporary-work\children\[childId]\identity\page.js temporary-work-children-child-profile-identity-passports-original_date_year
MISSING_SELECT F:\Work Projects\plylegal-client-portal\app\intake\temporary-work\children\[childId]\identity\page.js temporary-work-children-child-profile-identity-passports-date_expiry_day
MISSING_SELECT F:\Work Projects\plylegal-client-portal\app\intake\temporary-work\children\[childId]\identity\page.js temporary-work-children-child-profile-identity-passports-date_expiry_year
MISSING_SELECT F:\Work Projects\plylegal-client-portal\app\intake\temporary-work\children\[childId]\identity\page.js temporary-work-children-child-profile-identity-national_id_card-date_issued_day
MISSING_SELECT F:\Work Projects\plylegal-client-portal\app\intake\temporary-work\children\[childId]\identity\page.js temporary-work-children-child-profile-identity-national_id_card-date_issued_year
MISSING_SELECT F:\Work Projects\plylegal-client-portal\app\intake\temporary-work\children\[childId]\identity\page.js temporary-work-children-child-profile-identity-national_id_card-date_expiry_day
MISSING_SELECT F:\Work Projects\plylegal-client-portal\app\intake\temporary-work\children\[childId]\identity\page.js temporary-work-children-child-profile-identity-national_id_card-date_expiry_year
MISSING_SELECT F:\Work Projects\plylegal-client-portal\app\intake\temporary-work\main-applicant\details\page.js partner-main-applicant-details-birth_day
MISSING_SELECT F:\Work Projects\plylegal-client-portal\app\intake\temporary-work\main-applicant\details\page.js partner-main-applicant-details-birth_year
MISSING_SELECT F:\Work Projects\plylegal-client-portal\app\intake\temporary-work\main-applicant\details\page.js partner-main-applicant-details-marital_status_date_day
MISSING_SELECT F:\Work Projects\plylegal-client-portal\app\intake\temporary-work\main-applicant\details\page.js partner-main-applicant-details-marital_status_date_year
MISSING_SELECT F:\Work Projects\plylegal-client-portal\src\components\intake\temporary-work\CitizenshipDialog.jsx partner-main-applicant-details-citizenships-date_obtained_day
MISSING_SELECT F:\Work Projects\plylegal-client-portal\src\components\intake\temporary-work\CitizenshipDialog.jsx partner-main-applicant-details-citizenships-date_obtained_year
MISSING_SELECT F:\Work Projects\plylegal-client-portal\src\components\intake\temporary-work\CitizenshipDialog.jsx partner-main-applicant-details-citizenships-date_ceased_day
MISSING_SELECT F:\Work Projects\plylegal-client-portal\src\components\intake\temporary-work\CitizenshipDialog.jsx partner-main-applicant-details-citizenships-date_ceased_year
MISSING_SELECT F:\Work Projects\plylegal-client-portal\app\intake\partner\main-applicant\other\page.js partner-main-applicant-other-other_names-document_issue_day
MISSING_SELECT F:\Work Projects\plylegal-client-portal\app\intake\partner\main-applicant\other\page.js partner-main-applicant-other-other_names-document_issue_year
MISSING_SELECT F:\Work Projects\plylegal-client-portal\src\components\intake\target-visas\TargetCitizenshipDialog.jsx partner-main-applicant-identity-citizenships-how_obtained
MISSING_SELECT F:\Work Projects\plylegal-client-portal\src\components\intake\target-visas\TargetCitizenshipDialog.jsx partner-main-applicant-identity-citizenships-date_obtained_day
MISSING_SELECT F:\Work Projects\plylegal-client-portal\src\components\intake\target-visas\TargetCitizenshipDialog.jsx partner-main-applicant-identity-citizenships-date_obtained_year
MISSING_SELECT F:\Work Projects\plylegal-client-portal\src\components\intake\target-visas\TargetCitizenshipDialog.jsx partner-main-applicant-identity-citizenships-date_ceased_day
MISSING_SELECT F:\Work Projects\plylegal-client-portal\src\components\intake\target-visas\TargetCitizenshipDialog.jsx partner-main-applicant-identity-citizenships-date_ceased_year
MISSING_SELECT F:\Work Projects\plylegal-client-portal\app\intake\partner\main-applicant\employment\page.js partner-main-applicant-employment-current_country
MISSING_SELECT F:\Work Projects\plylegal-client-portal\app\intake\partner\main-applicant\employment\page.js partner-main-applicant-employment-current_start_date_day
MISSING_SELECT F:\Work Projects\plylegal-client-portal\app\intake\partner\main-applicant\employment\page.js partner-main-applicant-employment-current_start_date_year
MISSING_SELECT F:\Work Projects\plylegal-client-portal\app\intake\partner\main-applicant\employment\page.js partner-main-applicant-employment-employment_history-date_from_day
MISSING_SELECT F:\Work Projects\plylegal-client-portal\app\intake\partner\main-applicant\employment\page.js partner-main-applicant-employment-employment_history-date_from_year
MISSING_SELECT F:\Work Projects\plylegal-client-portal\app\intake\partner\main-applicant\employment\page.js partner-main-applicant-employment-employment_history-date_to_day
MISSING_SELECT F:\Work Projects\plylegal-client-portal\app\intake\partner\main-applicant\employment\page.js partner-main-applicant-employment-employment_history-date_to_year
MISSING_SELECT F:\Work Projects\plylegal-client-portal\app\intake\partner\main-applicant\employment\page.js partner-main-applicant-employment-employment_history-country
MISSING_SELECT F:\Work Projects\plylegal-client-portal\app\intake\partner\main-applicant\education\page.js partner-main-applicant-education-education_history-country
MISSING_SELECT F:\Work Projects\plylegal-client-portal\app\intake\partner\main-applicant\language\page.js partner-main-applicant-language-english_tests-date_day
MISSING_SELECT F:\Work Projects\plylegal-client-portal\app\intake\partner\main-applicant\language\page.js partner-main-applicant-language-english_tests-date_year
MISSING_SELECT F:\Work Projects\plylegal-client-portal\app\intake\partner\main-applicant\family\page.js partner-main-applicant-family-children-relationship
MISSING_SELECT F:\Work Projects\plylegal-client-portal\app\intake\partner\spouse-partner\other-details\page.js partner-spouse-partner-other-details-other_names-document_issue_day
MISSING_SELECT F:\Work Projects\plylegal-client-portal\app\intake\partner\spouse-partner\other-details\page.js partner-spouse-partner-other-details-other_names-document_issue_year
MISSING_SELECT F:\Work Projects\plylegal-client-portal\app\intake\temporary-work\spouse-partner\identity\page.js temporary-work-spouse-partner-identity-passports-passport_country
MISSING_SELECT F:\Work Projects\plylegal-client-portal\app\intake\temporary-work\spouse-partner\identity\page.js temporary-work-spouse-partner-identity-passports-nationality
MISSING_SELECT F:\Work Projects\plylegal-client-portal\app\intake\temporary-work\spouse-partner\identity\page.js temporary-work-spouse-partner-identity-passports-date_issued_day
MISSING_SELECT F:\Work Projects\plylegal-client-portal\app\intake\temporary-work\spouse-partner\identity\page.js temporary-work-spouse-partner-identity-passports-date_issued_year
MISSING_SELECT F:\Work Projects\plylegal-client-portal\app\intake\temporary-work\spouse-partner\identity\page.js temporary-work-spouse-partner-identity-passports-original_date_day
MISSING_SELECT F:\Work Projects\plylegal-client-portal\app\intake\temporary-work\spouse-partner\identity\page.js temporary-work-spouse-partner-identity-passports-original_date_year
MISSING_SELECT F:\Work Projects\plylegal-client-portal\app\intake\temporary-work\spouse-partner\identity\page.js temporary-work-spouse-partner-identity-passports-date_expiry_day
MISSING_SELECT F:\Work Projects\plylegal-client-portal\app\intake\temporary-work\spouse-partner\identity\page.js temporary-work-spouse-partner-identity-passports-date_expiry_year
MISSING_SELECT F:\Work Projects\plylegal-client-portal\app\intake\temporary-work\spouse-partner\identity\page.js temporary-work-spouse-partner-identity-national_id_card-date_issued_day
MISSING_SELECT F:\Work Projects\plylegal-client-portal\app\intake\temporary-work\spouse-partner\identity\page.js temporary-work-spouse-partner-identity-national_id_card-date_issued_year
MISSING_SELECT F:\Work Projects\plylegal-client-portal\app\intake\temporary-work\spouse-partner\identity\page.js temporary-work-spouse-partner-identity-national_id_card-date_expiry_day
MISSING_SELECT F:\Work Projects\plylegal-client-portal\app\intake\temporary-work\spouse-partner\identity\page.js temporary-work-spouse-partner-identity-national_id_card-date_expiry_year
MISSING_SELECT F:\Work Projects\plylegal-client-portal\app\intake\partner\family-sponsor\other\page.js partner-family-sponsor-other-other_names-document_issue_day
MISSING_SELECT F:\Work Projects\plylegal-client-portal\app\intake\partner\family-sponsor\other\page.js partner-family-sponsor-other-other_names-document_issue_year
MISSING_SELECT F:\Work Projects\plylegal-client-portal\app\intake\partner\family-sponsor\other\page.js partner-family-sponsor-other-other_names-issuing_country
MISSING_SELECT F:\Work Projects\plylegal-client-portal\app\intake\partner\family-sponsor\identity\page.js partner-family-sponsor-identity-citizenships-country
MISSING_SELECT F:\Work Projects\plylegal-client-portal\app\intake\partner\family-sponsor\identity\page.js partner-family-sponsor-identity-passports-passport_country
MISSING_SELECT F:\Work Projects\plylegal-client-portal\app\intake\partner\family-sponsor\identity\page.js partner-family-sponsor-identity-passports-nationality
MISSING_SELECT F:\Work Projects\plylegal-client-portal\app\intake\partner\family-sponsor\identity\page.js partner-family-sponsor-identity-passports-name
MISSING_SELECT F:\Work Projects\plylegal-client-portal\app\intake\partner\family-sponsor\circumstances\page.js partner-family-sponsor-circumstances-employment_history-country
MISSING_SELECT F:\Work Projects\plylegal-client-portal\app\intake\partner\family-sponsor\addresses\page.js partner-family-sponsor-addresses-addresses-country
MISSING_SELECT F:\Work Projects\plylegal-client-portal\app\intake\partner\family-sponsor\contact\page.js partner-family-sponsor-contact-postal_country
MISSING_SELECT F:\Work Projects\plylegal-client-portal\app\intake\partner\family-sponsor\previous-sponsorship\page.js partner-family-sponsor-previous-sponsorship-previous_sponsorships-visa_subclass
MISSING_SELECT F:\Work Projects\plylegal-client-portal\app\intake\partner\family-sponsor\previous-sponsorship\page.js partner-family-sponsor-previous-sponsorship-previous_sponsorships-selected_person
MISSING_SELECT F:\Work Projects\plylegal-client-portal\app\intake\partner\family-sponsor\travel\page.js partner-family-sponsor-travel-australian_visas-visa_subclass
MISSING_SELECT F:\Work Projects\plylegal-client-portal\app\intake\partner\family-sponsor\travel\page.js partner-family-sponsor-travel-travel_history-country
MISSING_SELECT F:\Work Projects\plylegal-client-portal\app\intake\partner\all-applicants\addresses\page.js partner-all-applicants-addresses-address_history-country
MISSING_SELECT F:\Work Projects\plylegal-client-portal\app\intake\partner\all-applicants\addresses\page.js partner-all-applicants-addresses-address_history-date_from_day
MISSING_SELECT F:\Work Projects\plylegal-client-portal\app\intake\partner\all-applicants\addresses\page.js partner-all-applicants-addresses-address_history-date_from_year
MISSING_SELECT F:\Work Projects\plylegal-client-portal\app\intake\partner\all-applicants\addresses\page.js partner-all-applicants-addresses-address_history-date_to_day
MISSING_SELECT F:\Work Projects\plylegal-client-portal\app\intake\partner\all-applicants\addresses\page.js partner-all-applicants-addresses-address_history-date_to_year
MISSING_SELECT F:\Work Projects\plylegal-client-portal\app\intake\partner\all-applicants\contact-details\page.js partner-all-applicants-contact-details-postal_country
MISSING_SELECT F:\Work Projects\plylegal-client-portal\app\intake\partner\all-applicants\visas\page.js partner-all-applicants-visas-visa_history-visa_country
MISSING_SELECT F:\Work Projects\plylegal-client-portal\app\intake\partner\all-applicants\visas\page.js partner-all-applicants-visas-visa_history-application_date_day
MISSING_SELECT F:\Work Projects\plylegal-client-portal\app\intake\partner\all-applicants\visas\page.js partner-all-applicants-visas-visa_history-application_date_year
MISSING_SELECT F:\Work Projects\plylegal-client-portal\app\intake\partner\all-applicants\visas\page.js partner-all-applicants-visas-visa_history-date_granted_day
MISSING_SELECT F:\Work Projects\plylegal-client-portal\app\intake\partner\all-applicants\visas\page.js partner-all-applicants-visas-visa_history-date_granted_year
MISSING_SELECT F:\Work Projects\plylegal-client-portal\app\intake\partner\all-applicants\visas\page.js partner-all-applicants-visas-visa_history-expiry_date_day
MISSING_SELECT F:\Work Projects\plylegal-client-portal\app\intake\partner\all-applicants\visas\page.js partner-all-applicants-visas-visa_history-expiry_date_year
MISSING_SELECT F:\Work Projects\plylegal-client-portal\app\intake\partner\all-applicants\visas\page.js partner-all-applicants-visas-visa_history-decision_date_day
MISSING_SELECT F:\Work Projects\plylegal-client-portal\app\intake\partner\all-applicants\visas\page.js partner-all-applicants-visas-visa_history-decision_date_year
MISSING_SELECT F:\Work Projects\plylegal-client-portal\app\intake\partner\all-applicants\travel-history\page.js partner-all-applicants-travel-history-travel_history-country
MISSING_SELECT F:\Work Projects\plylegal-client-portal\app\intake\partner\all-applicants\travel-history\page.js partner-all-applicants-travel-history-travel_history-date_arrived_day
MISSING_SELECT F:\Work Projects\plylegal-client-portal\app\intake\partner\all-applicants\travel-history\page.js partner-all-applicants-travel-history-travel_history-date_arrived_year
MISSING_SELECT F:\Work Projects\plylegal-client-portal\app\intake\partner\all-applicants\travel-history\page.js partner-all-applicants-travel-history-travel_history-departure_day
MISSING_SELECT F:\Work Projects\plylegal-client-portal\app\intake\partner\all-applicants\travel-history\page.js partner-all-applicants-travel-history-travel_history-departure_year
MISSING_SELECT F:\Work Projects\plylegal-client-portal\app\intake\partner\all-applicants\future-addresses\page.js partner-all-applicants-future-addresses-future_addresses-date_from_day
MISSING_SELECT F:\Work Projects\plylegal-client-portal\app\intake\partner\all-applicants\future-addresses\page.js partner-all-applicants-future-addresses-future_addresses-date_from_year
MISSING_SELECT F:\Work Projects\plylegal-client-portal\app\intake\partner\all-applicants\health\page.js partner-all-applicants-health-health_examinations-applicant_name
MISSING_SELECT F:\Work Projects\plylegal-client-portal\app\intake\partner\all-applicants\health\page.js partner-all-applicants-health-health_examinations-date_completed_day
MISSING_SELECT F:\Work Projects\plylegal-client-portal\app\intake\partner\all-applicants\health\page.js partner-all-applicants-health-health_examinations-date_completed_year
MISSING_SELECT F:\Work Projects\plylegal-client-portal\app\intake\partner\all-applicants\health\page.js partner-all-applicants-health-health_examinations-country_of_exam
MISSING_SELECT F:\Work Projects\plylegal-client-portal\app\intake\partner\all-applicants\health\page.js partner-all-applicants-health-hospital_details-applicant_name
MISSING_SELECT F:\Work Projects\plylegal-client-portal\app\intake\partner\all-applicants\health\page.js partner-all-applicants-health-healthcare_work_details-applicant_name
MISSING_SELECT F:\Work Projects\plylegal-client-portal\app\intake\partner\all-applicants\health\page.js partner-all-applicants-health-aged_care_work_details-applicant_name
MISSING_SELECT F:\Work Projects\plylegal-client-portal\app\intake\partner\all-applicants\health\page.js partner-all-applicants-health-childcare_work_details-applicant_name
MISSING_SELECT F:\Work Projects\plylegal-client-portal\app\intake\partner\all-applicants\health\page.js partner-all-applicants-health-classroom_work_details-applicant_name
MISSING_SELECT F:\Work Projects\plylegal-client-portal\app\intake\partner\all-applicants\health\page.js partner-all-applicants-health-classroom_work_details-start_date_day
MISSING_SELECT F:\Work Projects\plylegal-client-portal\app\intake\partner\all-applicants\health\page.js partner-all-applicants-health-classroom_work_details-start_date_year
MISSING_SELECT F:\Work Projects\plylegal-client-portal\app\intake\partner\all-applicants\health\page.js partner-all-applicants-health-classroom_work_details-end_date_day
MISSING_SELECT F:\Work Projects\plylegal-client-portal\app\intake\partner\all-applicants\health\page.js partner-all-applicants-health-classroom_work_details-end_date_year
MISSING_SELECT F:\Work Projects\plylegal-client-portal\app\intake\partner\all-applicants\health\page.js partner-all-applicants-health-tuberculosis_details-applicant_name
MISSING_SELECT F:\Work Projects\plylegal-client-portal\app\intake\partner\all-applicants\health\page.js partner-all-applicants-health-tuberculosis_exposure_details-applicant_name
MISSING_SELECT F:\Work Projects\plylegal-client-portal\app\intake\partner\all-applicants\health\page.js partner-all-applicants-health-health_conditions_details-applicant_name
MISSING_SELECT F:\Work Projects\plylegal-client-portal\app\intake\partner\all-applicants\health\page.js partner-all-applicants-health-medical_assistance_details-applicant_name
MISSING_SELECT F:\Work Projects\plylegal-client-portal\app\intake\partner\all-applicants\character\page.js partner-all-applicants-character-criminal_conduct_details-applicant_name
MISSING_SELECT F:\Work Projects\plylegal-client-portal\app\intake\partner\all-applicants\character\page.js partner-all-applicants-character-criminal_conduct_details-country
MISSING_SELECT F:\Work Projects\plylegal-client-portal\app\intake\partner\all-applicants\character\page.js partner-all-applicants-character-violent_org_details-applicant_name
MISSING_SELECT F:\Work Projects\plylegal-client-portal\app\intake\partner\all-applicants\character\page.js partner-all-applicants-character-violent_org_details-country
MISSING_SELECT F:\Work Projects\plylegal-client-portal\app\intake\partner\all-applicants\character\page.js partner-all-applicants-character-national_security_details-applicant_name
MISSING_SELECT F:\Work Projects\plylegal-client-portal\app\intake\partner\all-applicants\character\page.js partner-all-applicants-character-national_security_details-country
MISSING_SELECT F:\Work Projects\plylegal-client-portal\app\intake\partner\all-applicants\character\page.js partner-all-applicants-character-outstanding_debts_details-applicant_name
MISSING_SELECT F:\Work Projects\plylegal-client-portal\app\intake\partner\all-applicants\character\page.js partner-all-applicants-character-outstanding_debts_details-country
MISSING_SELECT F:\Work Projects\plylegal-client-portal\app\intake\partner\all-applicants\character\page.js partner-all-applicants-character-convicted_offence_details-applicant_name
MISSING_SELECT F:\Work Projects\plylegal-client-portal\app\intake\partner\all-applicants\character\page.js partner-all-applicants-character-convicted_offence_details-country
MISSING_SELECT F:\Work Projects\plylegal-client-portal\app\intake\partner\all-applicants\character\page.js partner-all-applicants-character-convicted_offence_details-date_day
MISSING_SELECT F:\Work Projects\plylegal-client-portal\app\intake\partner\all-applicants\character\page.js partner-all-applicants-character-convicted_offence_details-date_year
MISSING_SELECT F:\Work Projects\plylegal-client-portal\app\intake\partner\all-applicants\character\page.js partner-all-applicants-character-awaiting_legal_action_details-applicant_name
MISSING_SELECT F:\Work Projects\plylegal-client-portal\app\intake\partner\all-applicants\character\page.js partner-all-applicants-character-awaiting_legal_action_details-country
MISSING_SELECT F:\Work Projects\plylegal-client-portal\app\intake\partner\all-applicants\character\page.js partner-all-applicants-character-awaiting_legal_action_details-date_day
MISSING_SELECT F:\Work Projects\plylegal-client-portal\app\intake\partner\all-applicants\character\page.js partner-all-applicants-character-awaiting_legal_action_details-date_year
MISSING_SELECT F:\Work Projects\plylegal-client-portal\app\intake\partner\all-applicants\character\page.js partner-all-applicants-character-false_misleading_info_details-applicant_name
MISSING_SELECT F:\Work Projects\plylegal-client-portal\app\intake\partner\all-applicants\character\page.js partner-all-applicants-character-sponsorship_payment_details-applicant_name
MISSING_SELECT F:\Work Projects\plylegal-client-portal\app\intake\partner\all-applicants\character\page.js partner-all-applicants-character-police_check_details-applicant_name
MISSING_SELECT F:\Work Projects\plylegal-client-portal\app\intake\partner\all-applicants\character\page.js partner-all-applicants-character-police_check_details-issuing_country
MISSING_SELECT F:\Work Projects\plylegal-client-portal\app\intake\partner\all-applicants\character\page.js partner-all-applicants-character-police_check_details-application_date_day
MISSING_SELECT F:\Work Projects\plylegal-client-portal\app\intake\partner\all-applicants\character\page.js partner-all-applicants-character-police_check_details-application_date_year
MISSING_SELECT F:\Work Projects\plylegal-client-portal\app\intake\partner\all-applicants\character\page.js partner-all-applicants-character-police_check_details-date_issue_day
MISSING_SELECT F:\Work Projects\plylegal-client-portal\app\intake\partner\all-applicants\character\page.js partner-all-applicants-character-police_check_details-date_issue_year
MISSING_SELECT F:\Work Projects\plylegal-client-portal\app\intake\partner\all-applicants\character\page.js partner-all-applicants-character-immigration_detention_details-applicant_name
MISSING_SELECT F:\Work Projects\plylegal-client-portal\app\intake\partner\all-applicants\character\page.js partner-all-applicants-character-immigration_detention_details-country
MISSING_SELECT F:\Work Projects\plylegal-client-portal\app\intake\partner\all-applicants\character\page.js partner-all-applicants-character-immigration_detention_details-date_from_day
MISSING_SELECT F:\Work Projects\plylegal-client-portal\app\intake\partner\all-applicants\character\page.js partner-all-applicants-character-immigration_detention_details-date_from_year
MISSING_SELECT F:\Work Projects\plylegal-client-portal\app\intake\partner\all-applicants\character\page.js partner-all-applicants-character-immigration_detention_details-date_to_day
MISSING_SELECT F:\Work Projects\plylegal-client-portal\app\intake\partner\all-applicants\character\page.js partner-all-applicants-character-immigration_detention_details-date_to_year
MISSING_SELECT F:\Work Projects\plylegal-client-portal\app\intake\partner\all-applicants\character\page.js partner-all-applicants-character-psychiatric_institution_details-applicant_name
MISSING_SELECT F:\Work Projects\plylegal-client-portal\app\intake\partner\all-applicants\character\page.js partner-all-applicants-character-psychiatric_institution_details-date_from_day
MISSING_SELECT F:\Work Projects\plylegal-client-portal\app\intake\partner\all-applicants\character\page.js partner-all-applicants-character-psychiatric_institution_details-date_from_year
MISSING_SELECT F:\Work Projects\plylegal-client-portal\app\intake\partner\all-applicants\character\page.js partner-all-applicants-character-psychiatric_institution_details-date_to_day
MISSING_SELECT F:\Work Projects\plylegal-client-portal\app\intake\partner\all-applicants\character\page.js partner-all-applicants-character-psychiatric_institution_details-date_to_year
MISSING_SELECT F:\Work Projects\plylegal-client-portal\app\intake\partner\all-applicants\character\page.js partner-all-applicants-character-psychiatric_institution_details-country
MISSING_SELECT F:\Work Projects\plylegal-client-portal\app\intake\partner\all-applicants\character\page.js partner-all-applicants-character-military_training_details-applicant_name
MISSING_SELECT F:\Work Projects\plylegal-client-portal\app\intake\partner\all-applicants\character\page.js partner-all-applicants-character-military_training_details-country_of_training
MISSING_SELECT F:\Work Projects\plylegal-client-portal\app\intake\partner\all-applicants\character\page.js partner-all-applicants-character-military_training_details-date_from_day
MISSING_SELECT F:\Work Projects\plylegal-client-portal\app\intake\partner\all-applicants\character\page.js partner-all-applicants-character-military_training_details-date_from_year
MISSING_SELECT F:\Work Projects\plylegal-client-portal\app\intake\partner\all-applicants\character\page.js partner-all-applicants-character-military_training_details-date_to_day
MISSING_SELECT F:\Work Projects\plylegal-client-portal\app\intake\partner\all-applicants\character\page.js partner-all-applicants-character-military_training_details-date_to_year
MISSING_SELECT F:\Work Projects\plylegal-client-portal\app\intake\partner\all-applicants\character\page.js partner-all-applicants-character-military_service_details-applicant_name
MISSING_SELECT F:\Work Projects\plylegal-client-portal\app\intake\partner\all-applicants\character\page.js partner-all-applicants-character-military_service_details-country_of_service
MISSING_SELECT F:\Work Projects\plylegal-client-portal\app\intake\partner\all-applicants\character\page.js partner-all-applicants-character-military_service_details-country_of_deployment
MISSING_SELECT F:\Work Projects\plylegal-client-portal\app\intake\partner\all-applicants\character\page.js partner-all-applicants-character-military_service_details-date_from_day
MISSING_SELECT F:\Work Projects\plylegal-client-portal\app\intake\partner\all-applicants\character\page.js partner-all-applicants-character-military_service_details-date_from_year
MISSING_SELECT F:\Work Projects\plylegal-client-portal\app\intake\partner\all-applicants\character\page.js partner-all-applicants-character-military_service_details-date_to_day
MISSING_SELECT F:\Work Projects\plylegal-client-portal\app\intake\partner\all-applicants\character\page.js partner-all-applicants-character-military_service_details-date_to_year
MISSING_SELECT F:\Work Projects\plylegal-client-portal\app\intake\partner\all-applicants\contacts\page.js partner-all-applicants-contacts-family_in_australia-nationality
MISSING_SELECT F:\Work Projects\plylegal-client-portal\app\intake\partner\all-applicants\contacts\page.js partner-all-applicants-contacts-family_in_australia-country_of_birth
MISSING_SELECT F:\Work Projects\plylegal-client-portal\app\intake\partner\all-applicants\contacts\page.js partner-all-applicants-contacts-family_in_australia-residential_country
MISSING_SELECT F:\Work Projects\plylegal-client-portal\app\intake\partner\children\[childId]\other\page.js partner-children-child-profile-other-other_names-document_issue_day
MISSING_SELECT F:\Work Projects\plylegal-client-portal\app\intake\partner\children\[childId]\other\page.js partner-children-child-profile-other-other_names-document_issue_year
MISSING_SELECT F:\Work Projects\plylegal-client-portal\app\intake\partner\children\[childId]\identity\page.js partner-children-child-profile-identity-passports-passport_country
MISSING_SELECT F:\Work Projects\plylegal-client-portal\app\intake\partner\children\[childId]\identity\page.js partner-children-child-profile-identity-passports-nationality
MISSING_SELECT F:\Work Projects\plylegal-client-portal\app\intake\partner\children\[childId]\identity\page.js partner-children-child-profile-identity-passports-date_issued_day
MISSING_SELECT F:\Work Projects\plylegal-client-portal\app\intake\partner\children\[childId]\identity\page.js partner-children-child-profile-identity-passports-date_issued_year
MISSING_SELECT F:\Work Projects\plylegal-client-portal\app\intake\partner\children\[childId]\identity\page.js partner-children-child-profile-identity-passports-original_date_day
MISSING_SELECT F:\Work Projects\plylegal-client-portal\app\intake\partner\children\[childId]\identity\page.js partner-children-child-profile-identity-passports-original_date_year
MISSING_SELECT F:\Work Projects\plylegal-client-portal\app\intake\partner\children\[childId]\identity\page.js partner-children-child-profile-identity-passports-date_expiry_day
MISSING_SELECT F:\Work Projects\plylegal-client-portal\app\intake\partner\children\[childId]\identity\page.js partner-children-child-profile-identity-passports-date_expiry_year
MISSING_SELECT F:\Work Projects\plylegal-client-portal\app\intake\partner\children\[childId]\identity\page.js partner-children-child-profile-identity-national_id_card-date_issued_day
MISSING_SELECT F:\Work Projects\plylegal-client-portal\app\intake\partner\children\[childId]\identity\page.js partner-children-child-profile-identity-national_id_card-date_issued_year
MISSING_SELECT F:\Work Projects\plylegal-client-portal\app\intake\partner\children\[childId]\identity\page.js partner-children-child-profile-identity-national_id_card-date_expiry_day
MISSING_SELECT F:\Work Projects\plylegal-client-portal\app\intake\partner\children\[childId]\identity\page.js partner-children-child-profile-identity-national_id_card-date_expiry_year
MISSING_SELECT F:\Work Projects\plylegal-client-portal\app\intake\temporary-work\main-applicant\details\page.js protection-main-applicant-details-birth_day
MISSING_SELECT F:\Work Projects\plylegal-client-portal\app\intake\temporary-work\main-applicant\details\page.js protection-main-applicant-details-birth_year
MISSING_SELECT F:\Work Projects\plylegal-client-portal\app\intake\temporary-work\main-applicant\details\page.js protection-main-applicant-details-marital_status_date_day
MISSING_SELECT F:\Work Projects\plylegal-client-portal\app\intake\temporary-work\main-applicant\details\page.js protection-main-applicant-details-marital_status_date_year
MISSING_SELECT F:\Work Projects\plylegal-client-portal\src\components\intake\temporary-work\CitizenshipDialog.jsx protection-main-applicant-details-citizenships-date_obtained_day
MISSING_SELECT F:\Work Projects\plylegal-client-portal\src\components\intake\temporary-work\CitizenshipDialog.jsx protection-main-applicant-details-citizenships-date_obtained_year
MISSING_SELECT F:\Work Projects\plylegal-client-portal\src\components\intake\temporary-work\CitizenshipDialog.jsx protection-main-applicant-details-citizenships-date_ceased_day
MISSING_SELECT F:\Work Projects\plylegal-client-portal\src\components\intake\temporary-work\CitizenshipDialog.jsx protection-main-applicant-details-citizenships-date_ceased_year
MISSING_SELECT F:\Work Projects\plylegal-client-portal\app\intake\protection\main-applicant\other\page.js protection-main-applicant-other-other_names-document_issue_day
MISSING_SELECT F:\Work Projects\plylegal-client-portal\app\intake\protection\main-applicant\other\page.js protection-main-applicant-other-other_names-document_issue_year
MISSING_SELECT F:\Work Projects\plylegal-client-portal\src\components\intake\target-visas\TargetCitizenshipDialog.jsx protection-main-applicant-identity-citizenships-how_obtained
MISSING_SELECT F:\Work Projects\plylegal-client-portal\src\components\intake\target-visas\TargetCitizenshipDialog.jsx protection-main-applicant-identity-citizenships-date_obtained_day
MISSING_SELECT F:\Work Projects\plylegal-client-portal\src\components\intake\target-visas\TargetCitizenshipDialog.jsx protection-main-applicant-identity-citizenships-date_obtained_year
MISSING_SELECT F:\Work Projects\plylegal-client-portal\src\components\intake\target-visas\TargetCitizenshipDialog.jsx protection-main-applicant-identity-citizenships-date_ceased_day
MISSING_SELECT F:\Work Projects\plylegal-client-portal\src\components\intake\target-visas\TargetCitizenshipDialog.jsx protection-main-applicant-identity-citizenships-date_ceased_year
MISSING_SELECT F:\Work Projects\plylegal-client-portal\app\intake\protection\main-applicant\employment\page.js protection-main-applicant-employment-current_country
MISSING_SELECT F:\Work Projects\plylegal-client-portal\app\intake\protection\main-applicant\employment\page.js protection-main-applicant-employment-current_start_date_day
MISSING_SELECT F:\Work Projects\plylegal-client-portal\app\intake\protection\main-applicant\employment\page.js protection-main-applicant-employment-current_start_date_year
MISSING_SELECT F:\Work Projects\plylegal-client-portal\app\intake\protection\main-applicant\employment\page.js protection-main-applicant-employment-employment_history-date_from_day
MISSING_SELECT F:\Work Projects\plylegal-client-portal\app\intake\protection\main-applicant\employment\page.js protection-main-applicant-employment-employment_history-date_from_year
MISSING_SELECT F:\Work Projects\plylegal-client-portal\app\intake\protection\main-applicant\employment\page.js protection-main-applicant-employment-employment_history-date_to_day
MISSING_SELECT F:\Work Projects\plylegal-client-portal\app\intake\protection\main-applicant\employment\page.js protection-main-applicant-employment-employment_history-date_to_year
MISSING_SELECT F:\Work Projects\plylegal-client-portal\app\intake\protection\main-applicant\employment\page.js protection-main-applicant-employment-employment_history-country
MISSING_SELECT F:\Work Projects\plylegal-client-portal\app\intake\protection\main-applicant\education\page.js protection-main-applicant-education-education_history-country
MISSING_SELECT F:\Work Projects\plylegal-client-portal\app\intake\protection\main-applicant\education\page.js protection-main-applicant-education-education_history-date_from_day
MISSING_SELECT F:\Work Projects\plylegal-client-portal\app\intake\protection\main-applicant\education\page.js protection-main-applicant-education-education_history-date_from_year
MISSING_SELECT F:\Work Projects\plylegal-client-portal\app\intake\protection\main-applicant\education\page.js protection-main-applicant-education-education_history-date_to_day
MISSING_SELECT F:\Work Projects\plylegal-client-portal\app\intake\protection\main-applicant\education\page.js protection-main-applicant-education-education_history-date_to_year
MISSING_SELECT F:\Work Projects\plylegal-client-portal\app\intake\protection\main-applicant\family\page.js protection-main-applicant-family-family_members-birth_day
MISSING_SELECT F:\Work Projects\plylegal-client-portal\app\intake\protection\main-applicant\family\page.js protection-main-applicant-family-family_members-birth_year
MISSING_SELECT F:\Work Projects\plylegal-client-portal\app\intake\protection\spouse-partner\other-details\page.js protection-spouse-partner-other-details-other_names-document_issue_day
MISSING_SELECT F:\Work Projects\plylegal-client-portal\app\intake\protection\spouse-partner\other-details\page.js protection-spouse-partner-other-details-other_names-document_issue_year
MISSING_SELECT F:\Work Projects\plylegal-client-portal\src\components\intake\target-visas\TargetCitizenshipDialog.jsx protection-spouse-partner-identity-citizenships-how_obtained
MISSING_SELECT F:\Work Projects\plylegal-client-portal\src\components\intake\target-visas\TargetCitizenshipDialog.jsx protection-spouse-partner-identity-citizenships-date_obtained_day
MISSING_SELECT F:\Work Projects\plylegal-client-portal\src\components\intake\target-visas\TargetCitizenshipDialog.jsx protection-spouse-partner-identity-citizenships-date_obtained_year
MISSING_SELECT F:\Work Projects\plylegal-client-portal\src\components\intake\target-visas\TargetCitizenshipDialog.jsx protection-spouse-partner-identity-citizenships-date_ceased_day
MISSING_SELECT F:\Work Projects\plylegal-client-portal\src\components\intake\target-visas\TargetCitizenshipDialog.jsx protection-spouse-partner-identity-citizenships-date_ceased_year
MISSING_SELECT F:\Work Projects\plylegal-client-portal\src\components\intake\target-visas\TargetCitizenshipDialog.jsx protection-spouse-partner-identity-previous_citizenships-how_obtained
MISSING_SELECT F:\Work Projects\plylegal-client-portal\src\components\intake\target-visas\TargetCitizenshipDialog.jsx protection-spouse-partner-identity-previous_citizenships-date_obtained_day
MISSING_SELECT F:\Work Projects\plylegal-client-portal\src\components\intake\target-visas\TargetCitizenshipDialog.jsx protection-spouse-partner-identity-previous_citizenships-date_obtained_year
MISSING_SELECT F:\Work Projects\plylegal-client-portal\src\components\intake\target-visas\TargetCitizenshipDialog.jsx protection-spouse-partner-identity-previous_citizenships-date_ceased_day
MISSING_SELECT F:\Work Projects\plylegal-client-portal\src\components\intake\target-visas\TargetCitizenshipDialog.jsx protection-spouse-partner-identity-previous_citizenships-date_ceased_year
MISSING_SELECT F:\Work Projects\plylegal-client-portal\app\intake\protection\spouse-partner\identity\page.js protection-spouse-partner-identity-permanent_residencies-country
MISSING_SELECT F:\Work Projects\plylegal-client-portal\app\intake\protection\all-applicants\addresses\page.js protection-all-applicants-addresses-main_applicant_addresses-country
MISSING_SELECT F:\Work Projects\plylegal-client-portal\app\intake\protection\all-applicants\addresses\page.js protection-all-applicants-addresses-main_applicant_addresses-date_from_day
MISSING_SELECT F:\Work Projects\plylegal-client-portal\app\intake\protection\all-applicants\addresses\page.js protection-all-applicants-addresses-main_applicant_addresses-date_from_year
MISSING_SELECT F:\Work Projects\plylegal-client-portal\app\intake\protection\all-applicants\addresses\page.js protection-all-applicants-addresses-main_applicant_addresses-date_to_day
MISSING_SELECT F:\Work Projects\plylegal-client-portal\app\intake\protection\all-applicants\addresses\page.js protection-all-applicants-addresses-main_applicant_addresses-date_to_year
MISSING_SELECT F:\Work Projects\plylegal-client-portal\app\intake\protection\all-applicants\contact-details\page.js protection-all-applicants-contact-details-postal_country
MISSING_SELECT F:\Work Projects\plylegal-client-portal\app\intake\protection\all-applicants\visas\page.js protection-all-applicants-visas-main_applicant_visas-visa_country
MISSING_SELECT F:\Work Projects\plylegal-client-portal\app\intake\protection\all-applicants\visas\page.js protection-all-applicants-visas-main_applicant_visas-application_date_day
MISSING_SELECT F:\Work Projects\plylegal-client-portal\app\intake\protection\all-applicants\visas\page.js protection-all-applicants-visas-main_applicant_visas-application_date_year
MISSING_SELECT F:\Work Projects\plylegal-client-portal\app\intake\protection\all-applicants\visas\page.js protection-all-applicants-visas-main_applicant_visas-date_granted_day
MISSING_SELECT F:\Work Projects\plylegal-client-portal\app\intake\protection\all-applicants\visas\page.js protection-all-applicants-visas-main_applicant_visas-date_granted_year
MISSING_SELECT F:\Work Projects\plylegal-client-portal\app\intake\protection\all-applicants\visas\page.js protection-all-applicants-visas-main_applicant_visas-expiry_date_day
MISSING_SELECT F:\Work Projects\plylegal-client-portal\app\intake\protection\all-applicants\visas\page.js protection-all-applicants-visas-main_applicant_visas-expiry_date_year
MISSING_SELECT F:\Work Projects\plylegal-client-portal\app\intake\protection\all-applicants\visas\page.js protection-all-applicants-visas-main_applicant_visas-cancellation_decision_date_day
MISSING_SELECT F:\Work Projects\plylegal-client-portal\app\intake\protection\all-applicants\visas\page.js protection-all-applicants-visas-main_applicant_visas-cancellation_decision_date_year
MISSING_SELECT F:\Work Projects\plylegal-client-portal\app\intake\protection\all-applicants\visas\page.js protection-all-applicants-visas-main_applicant_visas-decision_date_day
MISSING_SELECT F:\Work Projects\plylegal-client-portal\app\intake\protection\all-applicants\visas\page.js protection-all-applicants-visas-main_applicant_visas-decision_date_year
MISSING_SELECT F:\Work Projects\plylegal-client-portal\app\intake\protection\all-applicants\travel-history\page.js protection-all-applicants-travel-history-main_applicant_travel_history-country
MISSING_SELECT F:\Work Projects\plylegal-client-portal\app\intake\protection\all-applicants\travel-history\page.js protection-all-applicants-travel-history-main_applicant_travel_history-arrival_date_day
MISSING_SELECT F:\Work Projects\plylegal-client-portal\app\intake\protection\all-applicants\travel-history\page.js protection-all-applicants-travel-history-main_applicant_travel_history-arrival_date_year
MISSING_SELECT F:\Work Projects\plylegal-client-portal\app\intake\protection\all-applicants\travel-history\page.js protection-all-applicants-travel-history-main_applicant_travel_history-intended_departure_date_day
MISSING_SELECT F:\Work Projects\plylegal-client-portal\app\intake\protection\all-applicants\travel-history\page.js protection-all-applicants-travel-history-main_applicant_travel_history-intended_departure_date_year
MISSING_SELECT F:\Work Projects\plylegal-client-portal\app\intake\protection\all-applicants\future-travel\page.js protection-all-applicants-future-travel-main_applicant_future_travel-travel_start_date_day
MISSING_SELECT F:\Work Projects\plylegal-client-portal\app\intake\protection\all-applicants\future-travel\page.js protection-all-applicants-future-travel-main_applicant_future_travel-travel_start_date_year
MISSING_SELECT F:\Work Projects\plylegal-client-portal\app\intake\protection\all-applicants\future-travel\page.js protection-all-applicants-future-travel-main_applicant_future_travel-departure_country
MISSING_SELECT F:\Work Projects\plylegal-client-portal\app\intake\protection\all-applicants\future-travel\page.js protection-all-applicants-future-travel-main_applicant_future_travel-intended_arrival_date_day
MISSING_SELECT F:\Work Projects\plylegal-client-portal\app\intake\protection\all-applicants\future-travel\page.js protection-all-applicants-future-travel-main_applicant_future_travel-intended_arrival_date_year
MISSING_SELECT F:\Work Projects\plylegal-client-portal\app\intake\protection\all-applicants\future-travel\page.js protection-all-applicants-future-travel-main_applicant_future_travel-arrival_country
MISSING_SELECT F:\Work Projects\plylegal-client-portal\app\intake\protection\all-applicants\future-addresses\page.js protection-all-applicants-future-addresses-main_applicant_future_addresses-date_from_day
MISSING_SELECT F:\Work Projects\plylegal-client-portal\app\intake\protection\all-applicants\future-addresses\page.js protection-all-applicants-future-addresses-main_applicant_future_addresses-date_from_year
MISSING_SELECT F:\Work Projects\plylegal-client-portal\app\intake\protection\all-applicants\character\page.js protection-all-applicants-character-criminal_conduct_details-applicant_name
MISSING_SELECT F:\Work Projects\plylegal-client-portal\app\intake\protection\all-applicants\character\page.js protection-all-applicants-character-criminal_conduct_details-country
MISSING_SELECT F:\Work Projects\plylegal-client-portal\app\intake\protection\all-applicants\character\page.js protection-all-applicants-character-violent_org_details-applicant_name
MISSING_SELECT F:\Work Projects\plylegal-client-portal\app\intake\protection\all-applicants\character\page.js protection-all-applicants-character-violent_org_details-country
MISSING_SELECT F:\Work Projects\plylegal-client-portal\app\intake\protection\all-applicants\character\page.js protection-all-applicants-character-national_security_details-applicant_name
MISSING_SELECT F:\Work Projects\plylegal-client-portal\app\intake\protection\all-applicants\character\page.js protection-all-applicants-character-national_security_details-country
MISSING_SELECT F:\Work Projects\plylegal-client-portal\app\intake\protection\all-applicants\character\page.js protection-all-applicants-character-outstanding_debts_details-applicant_name
MISSING_SELECT F:\Work Projects\plylegal-client-portal\app\intake\protection\all-applicants\character\page.js protection-all-applicants-character-outstanding_debts_details-country
MISSING_SELECT F:\Work Projects\plylegal-client-portal\app\intake\protection\all-applicants\character\page.js protection-all-applicants-character-convicted_offence_details-applicant_name
MISSING_SELECT F:\Work Projects\plylegal-client-portal\app\intake\protection\all-applicants\character\page.js protection-all-applicants-character-convicted_offence_details-country
MISSING_SELECT F:\Work Projects\plylegal-client-portal\app\intake\protection\all-applicants\character\page.js protection-all-applicants-character-awaiting_legal_action_details-applicant_name
MISSING_SELECT F:\Work Projects\plylegal-client-portal\app\intake\protection\all-applicants\character\page.js protection-all-applicants-character-awaiting_legal_action_details-country
MISSING_SELECT F:\Work Projects\plylegal-client-portal\app\intake\protection\all-applicants\character\page.js protection-all-applicants-character-false_misleading_info_details-applicant_name
MISSING_SELECT F:\Work Projects\plylegal-client-portal\app\intake\protection\all-applicants\character\page.js protection-all-applicants-character-sponsorship_payment_details-applicant_name
MISSING_SELECT F:\Work Projects\plylegal-client-portal\app\intake\protection\all-applicants\contacts\page.js protection-all-applicants-contacts-main_applicant_contacts-nationality
MISSING_SELECT F:\Work Projects\plylegal-client-portal\app\intake\protection\all-applicants\contacts\page.js protection-all-applicants-contacts-main_applicant_contacts-birth_day
MISSING_SELECT F:\Work Projects\plylegal-client-portal\app\intake\protection\all-applicants\contacts\page.js protection-all-applicants-contacts-main_applicant_contacts-birth_year
MISSING_SELECT F:\Work Projects\plylegal-client-portal\app\intake\protection\all-applicants\contacts\page.js protection-all-applicants-contacts-main_applicant_contacts-country_of_birth
MISSING_SELECT F:\Work Projects\plylegal-client-portal\app\intake\protection\all-applicants\contacts\page.js protection-all-applicants-contacts-main_applicant_contacts-country
MISSING_SELECT F:\Work Projects\plylegal-client-portal\app\intake\protection\children\[childId]\other\page.js protection-children-child-profile-other-other_names-document_issue_day
MISSING_SELECT F:\Work Projects\plylegal-client-portal\app\intake\protection\children\[childId]\other\page.js protection-children-child-profile-other-other_names-document_issue_year
MISSING_SELECT F:\Work Projects\plylegal-client-portal\app\intake\protection\children\[childId]\identity\page.js protection-children-child-profile-identity-passports-passport_country
MISSING_SELECT F:\Work Projects\plylegal-client-portal\app\intake\protection\children\[childId]\identity\page.js protection-children-child-profile-identity-passports-nationality
MISSING_SELECT F:\Work Projects\plylegal-client-portal\app\intake\protection\children\[childId]\identity\page.js protection-children-child-profile-identity-passports-date_issued_day
MISSING_SELECT F:\Work Projects\plylegal-client-portal\app\intake\protection\children\[childId]\identity\page.js protection-children-child-profile-identity-passports-date_issued_year
MISSING_SELECT F:\Work Projects\plylegal-client-portal\app\intake\protection\children\[childId]\identity\page.js protection-children-child-profile-identity-passports-original_date_day
MISSING_SELECT F:\Work Projects\plylegal-client-portal\app\intake\protection\children\[childId]\identity\page.js protection-children-child-profile-identity-passports-original_date_year
MISSING_SELECT F:\Work Projects\plylegal-client-portal\app\intake\protection\children\[childId]\identity\page.js protection-children-child-profile-identity-passports-date_expiry_day
MISSING_SELECT F:\Work Projects\plylegal-client-portal\app\intake\protection\children\[childId]\identity\page.js protection-children-child-profile-identity-passports-date_expiry_year
MISSING_SELECT F:\Work Projects\plylegal-client-portal\app\intake\protection\children\[childId]\identity\page.js protection-children-child-profile-identity-national_id_card-date_issued_day
MISSING_SELECT F:\Work Projects\plylegal-client-portal\app\intake\protection\children\[childId]\identity\page.js protection-children-child-profile-identity-national_id_card-date_issued_year
MISSING_SELECT F:\Work Projects\plylegal-client-portal\app\intake\protection\children\[childId]\identity\page.js protection-children-child-profile-identity-national_id_card-date_expiry_day
MISSING_SELECT F:\Work Projects\plylegal-client-portal\app\intake\protection\children\[childId]\identity\page.js protection-children-child-profile-identity-national_id_card-date_expiry_year
